16:12:27 **** Incremental Build of configuration Debug for project vita_passthrough_app_2 ****
make pre-build main-build 
a9-linaro-pre-build-step
' '
make: Inget behöver göras för "main-build".
16:12:38 **** Incremental Build of configuration Debug for project vita_passthrough_app_2 ****
make pre-build main-build 
a9-linaro-pre-build-step
' '
make: Inget behöver göras för "main-build".
16:13:38 **** Incremental Build of configuration Debug for project vita_passthrough_app_2 ****
make pre-build main-build 
a9-linaro-pre-build-step
' '
make: Inget behöver göras för "main-build".
16:13:40 **** Incremental Build of configuration Debug for project vita_passthrough_app_2 ****
make pre-build main-build 
a9-linaro-pre-build-step
' '
make: Inget behöver göras för "main-build".
16:13:42 **** Incremental Build of configuration Debug for project vita_passthrough_app_2 ****
make pre-build main-build 
a9-linaro-pre-build-step
' '
make: Inget behöver göras för "main-build".
16:21:29 **** Incremental Build of configuration Debug for project vita_passthrough_app_2 ****
make pre-build main-build 
a9-linaro-pre-build-step
' '
make: Inget behöver göras för "main-build".
16:47:31 **** Incremental Build of configuration Debug for project vita_passthrough_app_2 ****
make pre-build main-build 
a9-linaro-pre-build-step
' '
make: Inget behöver göras för "main-build".
16:48:05 **** Incremental Build of configuration Debug for project vita_passthrough_app_2 ****
make pre-build main-build 
a9-linaro-pre-build-step
' '
make: Inget behöver göras för "main-build".
16:55:06 **** Incremental Build of configuration Debug for project vita_passthrough_app_2 ****
make pre-build main-build 
a9-linaro-pre-build-step
' '
make: Inget behöver göras för "main-build".
17:02:38 **** Auto Build of configuration Debug for project vita_passthrough_app_2 ****
make pre-build main-build 
a9-linaro-pre-build-step
' '
'Building file: ../src/sleep.c'
'Invoking: ARM v7 gcc compiler'
arm-none-eabi-gcc -Wall -O0 -g3 -c -fmessage-length=0 -MT"src/sleep.o" -mcpu=cortex-a9 -mfpu=vfpv3 -mfloat-abi=hard -I../../vita_passthrough_bsp_2/ps7_cortexa9_0/include -MMD -MP -MF"src/sleep.d" -MT"src/sleep.o" -o "src/sleep.o" "../src/sleep.c"
../src/sleep.c: In function 'usleep':
../src/sleep.c:21:2: warning: implicit declaration of function 'xil_printf' [-Wimplicit-function-declaration]
  xil_printf("Before sleep");
  ^~~~~~~~~~
../src/sleep.c:36:10: warning: 'return' with a value, in function returning void
   return 0;
          ^
../src/sleep.c:19:6: note: declared here
 void usleep(unsigned int useconds)
      ^~~~~~
../src/sleep.c:41:10: warning: 'return' with a value, in function returning void
   return -1;
          ^
../src/sleep.c:19:6: note: declared here
 void usleep(unsigned int useconds)
      ^~~~~~
../src/sleep.c:95:15: warning: 'return' with a value, in function returning void
        return -1;
               ^
../src/sleep.c:19:6: note: declared here
 void usleep(unsigned int useconds)
      ^~~~~~
'Finished building: ../src/sleep.c'
' '
'Building target: vita_passthrough_app_2.elf'
'Invoking: ARM v7 gcc linker'
arm-none-eabi-gcc -mcpu=cortex-a9 -mfpu=vfpv3 -mfloat-abi=hard -Wl,-build-id=none -specs=Xilinx.spec -Wl,-T -Wl,../src/lscript.ld -L../../vita_passthrough_bsp_2/ps7_cortexa9_0/lib -o "vita_passthrough_app_2.elf"  ./src/fmc_imageon_vita_passthrough.o ./src/helloworld.o ./src/platform.o ./src/sleep.o ./src/video_generator.o ./src/video_resolution.o   -Wl,--start-group,-lxil,-lgcc,-lc,--end-group
'Finished building target: vita_passthrough_app_2.elf'
' '
'Invoking: ARM v7 Print Size'
arm-none-eabi-size vita_passthrough_app_2.elf  |tee "vita_passthrough_app_2.elf.size"
   text	   data	    bss	    dec	    hex	filename
  64796	   4036	   8776	  77608	  12f28	vita_passthrough_app_2.elf
'Finished building: vita_passthrough_app_2.elf.size'
' '
17:11:04 **** Incremental Build of configuration Debug for project vita_passthrough_app_2 ****
make pre-build main-build 
a9-linaro-pre-build-step
' '
make: Inget behöver göras för "main-build".
17:11:32 **** Incremental Build of configuration Debug for project vita_passthrough_app_2 ****
make pre-build main-build 
a9-linaro-pre-build-step
' '
make: Inget behöver göras för "main-build".
17:13:06 **** Auto Build of configuration Debug for project vita_passthrough_app_2 ****
make pre-build main-build 
a9-linaro-pre-build-step
' '
'Building file: ../src/sleep.c'
'Invoking: ARM v7 gcc compiler'
arm-none-eabi-gcc -Wall -O0 -g3 -c -fmessage-length=0 -MT"src/sleep.o" -mcpu=cortex-a9 -mfpu=vfpv3 -mfloat-abi=hard -I../../vita_passthrough_bsp_2/ps7_cortexa9_0/include -MMD -MP -MF"src/sleep.d" -MT"src/sleep.o" -o "src/sleep.o" "../src/sleep.c"
../src/sleep.c: In function 'usleep':
../src/sleep.c:22:2: warning: implicit declaration of function 'xil_printf' [-Wimplicit-function-declaration]
  xil_printf( "Before Sleep\r\n" );
  ^~~~~~~~~~
../src/sleep.c:36:10: warning: 'return' with a value, in function returning void
   return 0;
          ^
../src/sleep.c:19:6: note: declared here
 void usleep(unsigned int useconds)
      ^~~~~~
../src/sleep.c:41:10: warning: 'return' with a value, in function returning void
   return -1;
          ^
../src/sleep.c:19:6: note: declared here
 void usleep(unsigned int useconds)
      ^~~~~~
../src/sleep.c:95:15: warning: 'return' with a value, in function returning void
        return -1;
               ^
../src/sleep.c:19:6: note: declared here
 void usleep(unsigned int useconds)
      ^~~~~~
'Finished building: ../src/sleep.c'
' '
'Building target: vita_passthrough_app_2.elf'
'Invoking: ARM v7 gcc linker'
arm-none-eabi-gcc -mcpu=cortex-a9 -mfpu=vfpv3 -mfloat-abi=hard -Wl,-build-id=none -specs=Xilinx.spec -Wl,-T -Wl,../src/lscript.ld -L../../vita_passthrough_bsp_2/ps7_cortexa9_0/lib -o "vita_passthrough_app_2.elf"  ./src/fmc_imageon_vita_passthrough.o ./src/helloworld.o ./src/platform.o ./src/sleep.o ./src/video_generator.o ./src/video_resolution.o   -Wl,--start-group,-lxil,-lgcc,-lc,--end-group
'Finished building target: vita_passthrough_app_2.elf'
' '
'Invoking: ARM v7 Print Size'
arm-none-eabi-size vita_passthrough_app_2.elf  |tee "vita_passthrough_app_2.elf.size"
   text	   data	    bss	    dec	    hex	filename
  64800	   4036	   8776	  77612	  12f2c	vita_passthrough_app_2.elf
'Finished building: vita_passthrough_app_2.elf.size'
' '
17:13:14 **** Incremental Build of configuration Debug for project vita_passthrough_app_2 ****
make pre-build main-build 
a9-linaro-pre-build-step
' '
make: Inget behöver göras för "main-build".
17:13:36 **** Auto Build of configuration Debug for project vita_passthrough_app_2 ****
make pre-build main-build 
a9-linaro-pre-build-step
' '
'Building file: ../src/sleep.c'
'Invoking: ARM v7 gcc compiler'
arm-none-eabi-gcc -Wall -O0 -g3 -c -fmessage-length=0 -MT"src/sleep.o" -mcpu=cortex-a9 -mfpu=vfpv3 -mfloat-abi=hard -I../../vita_passthrough_bsp_2/ps7_cortexa9_0/include -MMD -MP -MF"src/sleep.d" -MT"src/sleep.o" -o "src/sleep.o" "../src/sleep.c"
../src/sleep.c: In function 'usleep':
../src/sleep.c:34:10: warning: 'return' with a value, in function returning void
   return 0;
          ^
../src/sleep.c:19:6: note: declared here
 void usleep(unsigned int useconds)
      ^~~~~~
../src/sleep.c:39:10: warning: 'return' with a value, in function returning void
   return -1;
          ^
../src/sleep.c:19:6: note: declared here
 void usleep(unsigned int useconds)
      ^~~~~~
../src/sleep.c:92:5: warning: implicit declaration of function 'xil_printf' [-Wimplicit-function-declaration]
     xil_printf( "[usleep] ERROR : function terminated too early ...\r\n" );
     ^~~~~~~~~~
../src/sleep.c:93:15: warning: 'return' with a value, in function returning void
        return -1;
               ^
../src/sleep.c:19:6: note: declared here
 void usleep(unsigned int useconds)
      ^~~~~~
'Finished building: ../src/sleep.c'
' '
'Building target: vita_passthrough_app_2.elf'
'Invoking: ARM v7 gcc linker'
arm-none-eabi-gcc -mcpu=cortex-a9 -mfpu=vfpv3 -mfloat-abi=hard -Wl,-build-id=none -specs=Xilinx.spec -Wl,-T -Wl,../src/lscript.ld -L../../vita_passthrough_bsp_2/ps7_cortexa9_0/lib -o "vita_passthrough_app_2.elf"  ./src/fmc_imageon_vita_passthrough.o ./src/helloworld.o ./src/platform.o ./src/sleep.o ./src/video_generator.o ./src/video_resolution.o   -Wl,--start-group,-lxil,-lgcc,-lc,--end-group
'Finished building target: vita_passthrough_app_2.elf'
' '
'Invoking: ARM v7 Print Size'
arm-none-eabi-size vita_passthrough_app_2.elf  |tee "vita_passthrough_app_2.elf.size"
   text	   data	    bss	    dec	    hex	filename
  64704	   4036	   8776	  77516	  12ecc	vita_passthrough_app_2.elf
'Finished building: vita_passthrough_app_2.elf.size'
' '
17:15:43 **** Auto Build of configuration Debug for project vita_passthrough_app_2 ****
make pre-build main-build 
a9-linaro-pre-build-step
' '
'Building file: ../src/sleep.c'
'Invoking: ARM v7 gcc compiler'
arm-none-eabi-gcc -Wall -O0 -g3 -c -fmessage-length=0 -MT"src/sleep.o" -mcpu=cortex-a9 -mfpu=vfpv3 -mfloat-abi=hard -I../../vita_passthrough_bsp_2/ps7_cortexa9_0/include -MMD -MP -MF"src/sleep.d" -MT"src/sleep.o" -o "src/sleep.o" "../src/sleep.c"
../src/sleep.c: In function 'usleep':
../src/sleep.c:32:10: warning: 'return' with a value, in function returning void
   return 0;
          ^
../src/sleep.c:19:6: note: declared here
 void usleep(unsigned int useconds)
      ^~~~~~
../src/sleep.c:37:10: warning: 'return' with a value, in function returning void
   return -1;
          ^
../src/sleep.c:19:6: note: declared here
 void usleep(unsigned int useconds)
      ^~~~~~
../src/sleep.c:90:5: warning: implicit declaration of function 'xil_printf' [-Wimplicit-function-declaration]
     xil_printf( "[usleep] ERROR : function terminated too early ...\r\n" );
     ^~~~~~~~~~
../src/sleep.c:91:15: warning: 'return' with a value, in function returning void
        return -1;
               ^
../src/sleep.c:19:6: note: declared here
 void usleep(unsigned int useconds)
      ^~~~~~
'Finished building: ../src/sleep.c'
' '
'Building target: vita_passthrough_app_2.elf'
'Invoking: ARM v7 gcc linker'
arm-none-eabi-gcc -mcpu=cortex-a9 -mfpu=vfpv3 -mfloat-abi=hard -Wl,-build-id=none -specs=Xilinx.spec -Wl,-T -Wl,../src/lscript.ld -L../../vita_passthrough_bsp_2/ps7_cortexa9_0/lib -o "vita_passthrough_app_2.elf"  ./src/fmc_imageon_vita_passthrough.o ./src/helloworld.o ./src/platform.o ./src/sleep.o ./src/video_generator.o ./src/video_resolution.o   -Wl,--start-group,-lxil,-lgcc,-lc,--end-group
'Finished building target: vita_passthrough_app_2.elf'
' '
'Invoking: ARM v7 Print Size'
arm-none-eabi-size vita_passthrough_app_2.elf  |tee "vita_passthrough_app_2.elf.size"
   text	   data	    bss	    dec	    hex	filename
  64704	   4036	   8776	  77516	  12ecc	vita_passthrough_app_2.elf
'Finished building: vita_passthrough_app_2.elf.size'
' '
17:15:54 **** Incremental Build of configuration Debug for project vita_passthrough_app_2 ****
make pre-build main-build 
a9-linaro-pre-build-step
' '
make: Inget behöver göras för "main-build".
17:17:00 **** Incremental Build of configuration Debug for project vita_passthrough_app_2 ****
make pre-build main-build 
a9-linaro-pre-build-step
' '
make: Inget behöver göras för "main-build".
17:21:52 **** Auto Build of configuration Debug for project vita_passthrough_app_2 ****
make pre-build main-build 
a9-linaro-pre-build-step
' '
'Building file: ../src/sleep.c'
'Invoking: ARM v7 gcc compiler'
arm-none-eabi-gcc -Wall -O0 -g3 -c -fmessage-length=0 -MT"src/sleep.o" -mcpu=cortex-a9 -mfpu=vfpv3 -mfloat-abi=hard -I../../vita_passthrough_bsp_2/ps7_cortexa9_0/include -MMD -MP -MF"src/sleep.d" -MT"src/sleep.o" -o "src/sleep.o" "../src/sleep.c"
../src/sleep.c: In function 'usleep':
../src/sleep.c:23:6: warning: implicit declaration of function 'xil_printf' [-Wimplicit-function-declaration]
      xil_printf("before sleep \r\n");
      ^~~~~~~~~~
../src/sleep.c:38:10: warning: 'return' with a value, in function returning void
   return 0;
          ^
../src/sleep.c:19:6: note: declared here
 void usleep(unsigned int useconds)
      ^~~~~~
../src/sleep.c:43:10: warning: 'return' with a value, in function returning void
   return -1;
          ^
../src/sleep.c:19:6: note: declared here
 void usleep(unsigned int useconds)
      ^~~~~~
../src/sleep.c:97:15: warning: 'return' with a value, in function returning void
        return -1;
               ^
../src/sleep.c:19:6: note: declared here
 void usleep(unsigned int useconds)
      ^~~~~~
'Finished building: ../src/sleep.c'
' '
'Building target: vita_passthrough_app_2.elf'
'Invoking: ARM v7 gcc linker'
arm-none-eabi-gcc -mcpu=cortex-a9 -mfpu=vfpv3 -mfloat-abi=hard -Wl,-build-id=none -specs=Xilinx.spec -Wl,-T -Wl,../src/lscript.ld -L../../vita_passthrough_bsp_2/ps7_cortexa9_0/lib -o "vita_passthrough_app_2.elf"  ./src/fmc_imageon_vita_passthrough.o ./src/helloworld.o ./src/platform.o ./src/sleep.o ./src/video_generator.o ./src/video_resolution.o   -Wl,--start-group,-lxil,-lgcc,-lc,--end-group
'Finished building target: vita_passthrough_app_2.elf'
' '
'Invoking: ARM v7 Print Size'
arm-none-eabi-size vita_passthrough_app_2.elf  |tee "vita_passthrough_app_2.elf.size"
   text	   data	    bss	    dec	    hex	filename
  64800	   4036	   8776	  77612	  12f2c	vita_passthrough_app_2.elf
'Finished building: vita_passthrough_app_2.elf.size'
' '
17:21:58 **** Incremental Build of configuration Debug for project vita_passthrough_app_2 ****
make pre-build main-build 
a9-linaro-pre-build-step
' '
make: Inget behöver göras för "main-build".
17:22:16 **** Incremental Build of configuration Debug for project vita_passthrough_app_2 ****
make pre-build main-build 
a9-linaro-pre-build-step
' '
make: Inget behöver göras för "main-build".
17:22:49 **** Auto Build of configuration Debug for project vita_passthrough_app_2 ****
make pre-build main-build 
a9-linaro-pre-build-step
' '
'Building file: ../src/sleep.c'
'Invoking: ARM v7 gcc compiler'
arm-none-eabi-gcc -Wall -O0 -g3 -c -fmessage-length=0 -MT"src/sleep.o" -mcpu=cortex-a9 -mfpu=vfpv3 -mfloat-abi=hard -I../../vita_passthrough_bsp_2/ps7_cortexa9_0/include -MMD -MP -MF"src/sleep.d" -MT"src/sleep.o" -o "src/sleep.o" "../src/sleep.c"
../src/sleep.c: In function 'usleep':
../src/sleep.c:23:6: warning: implicit declaration of function 'xil_printf' [-Wimplicit-function-declaration]
      xil_printf("before sleep \r\n");
      ^~~~~~~~~~
../src/sleep.c:38:10: warning: 'return' with a value, in function returning void
   return 0;
          ^
../src/sleep.c:19:6: note: declared here
 void usleep(unsigned int useconds)
      ^~~~~~
../src/sleep.c:43:10: warning: 'return' with a value, in function returning void
   return -1;
          ^
../src/sleep.c:19:6: note: declared here
 void usleep(unsigned int useconds)
      ^~~~~~
../src/sleep.c:97:15: warning: 'return' with a value, in function returning void
        return -1;
               ^
../src/sleep.c:19:6: note: declared here
 void usleep(unsigned int useconds)
      ^~~~~~
'Finished building: ../src/sleep.c'
' '
'Building target: vita_passthrough_app_2.elf'
'Invoking: ARM v7 gcc linker'
arm-none-eabi-gcc -mcpu=cortex-a9 -mfpu=vfpv3 -mfloat-abi=hard -Wl,-build-id=none -specs=Xilinx.spec -Wl,-T -Wl,../src/lscript.ld -L../../vita_passthrough_bsp_2/ps7_cortexa9_0/lib -o "vita_passthrough_app_2.elf"  ./src/fmc_imageon_vita_passthrough.o ./src/helloworld.o ./src/platform.o ./src/sleep.o ./src/video_generator.o ./src/video_resolution.o   -Wl,--start-group,-lxil,-lgcc,-lc,--end-group
'Finished building target: vita_passthrough_app_2.elf'
' '
'Invoking: ARM v7 Print Size'
arm-none-eabi-size vita_passthrough_app_2.elf  |tee "vita_passthrough_app_2.elf.size"
   text	   data	    bss	    dec	    hex	filename
  64800	   4036	   8776	  77612	  12f2c	vita_passthrough_app_2.elf
'Finished building: vita_passthrough_app_2.elf.size'
' '
17:22:53 **** Incremental Build of configuration Debug for project vita_passthrough_app_2 ****
make pre-build main-build 
a9-linaro-pre-build-step
' '
make: Inget behöver göras för "main-build".
17:26:20 **** Auto Build of configuration Debug for project vita_passthrough_app_2 ****
make pre-build main-build 
a9-linaro-pre-build-step
' '
'Building file: ../src/sleep.c'
'Invoking: ARM v7 gcc compiler'
arm-none-eabi-gcc -Wall -O0 -g3 -c -fmessage-length=0 -MT"src/sleep.o" -mcpu=cortex-a9 -mfpu=vfpv3 -mfloat-abi=hard -I../../vita_passthrough_bsp_2/ps7_cortexa9_0/include -MMD -MP -MF"src/sleep.d" -MT"src/sleep.o" -o "src/sleep.o" "../src/sleep.c"
../src/sleep.c: In function 'usleep':
../src/sleep.c:23:6: warning: implicit declaration of function 'xil_printf' [-Wimplicit-function-declaration]
      xil_printf("before sleep \r\n");
      ^~~~~~~~~~
../src/sleep.c:38:10: warning: 'return' with a value, in function returning void
   return 0;
          ^
../src/sleep.c:19:6: note: declared here
 void usleep(unsigned int useconds)
      ^~~~~~
../src/sleep.c:43:10: warning: 'return' with a value, in function returning void
   return -1;
          ^
../src/sleep.c:19:6: note: declared here
 void usleep(unsigned int useconds)
      ^~~~~~
../src/sleep.c:97:15: warning: 'return' with a value, in function returning void
        return -1;
               ^
../src/sleep.c:19:6: note: declared here
 void usleep(unsigned int useconds)
      ^~~~~~
'Finished building: ../src/sleep.c'
' '
'Building target: vita_passthrough_app_2.elf'
'Invoking: ARM v7 gcc linker'
arm-none-eabi-gcc -mcpu=cortex-a9 -mfpu=vfpv3 -mfloat-abi=hard -Wl,-build-id=none -specs=Xilinx.spec -Wl,-T -Wl,../src/lscript.ld -L../../vita_passthrough_bsp_2/ps7_cortexa9_0/lib -o "vita_passthrough_app_2.elf"  ./src/fmc_imageon_vita_passthrough.o ./src/helloworld.o ./src/platform.o ./src/sleep.o ./src/video_generator.o ./src/video_resolution.o   -Wl,--start-group,-lxil,-lgcc,-lc,--end-group
'Finished building target: vita_passthrough_app_2.elf'
' '
'Invoking: ARM v7 Print Size'
arm-none-eabi-size vita_passthrough_app_2.elf  |tee "vita_passthrough_app_2.elf.size"
   text	   data	    bss	    dec	    hex	filename
  64800	   4036	   8776	  77612	  12f2c	vita_passthrough_app_2.elf
'Finished building: vita_passthrough_app_2.elf.size'
' '
17:27:38 **** Auto Build of configuration Debug for project vita_passthrough_app_2 ****
make pre-build main-build 
a9-linaro-pre-build-step
' '
'Building file: ../src/sleep.c'
'Invoking: ARM v7 gcc compiler'
arm-none-eabi-gcc -Wall -O0 -g3 -c -fmessage-length=0 -MT"src/sleep.o" -mcpu=cortex-a9 -mfpu=vfpv3 -mfloat-abi=hard -I../../vita_passthrough_bsp_2/ps7_cortexa9_0/include -MMD -MP -MF"src/sleep.d" -MT"src/sleep.o" -o "src/sleep.o" "../src/sleep.c"
../src/sleep.c: In function 'usleep':
../src/sleep.c:23:6: warning: implicit declaration of function 'xil_printf' [-Wimplicit-function-declaration]
      xil_printf("before sleep \r\n");
      ^~~~~~~~~~
../src/sleep.c:24:13: warning: this 'for' clause does not guard... [-Wmisleading-indentation]
      int i; for(i = 0; i < 100000000; ++i);
             ^~~
../src/sleep.c:25:3: note: ...this statement, but the latter is misleadingly indented as if it is guarded by the 'for'
   xil_printf("after sleep \r\n");
   ^~~~~~~~~~
../src/sleep.c:38:10: warning: 'return' with a value, in function returning void
   return 0;
          ^
../src/sleep.c:19:6: note: declared here
 void usleep(unsigned int useconds)
      ^~~~~~
../src/sleep.c:43:10: warning: 'return' with a value, in function returning void
   return -1;
          ^
../src/sleep.c:19:6: note: declared here
 void usleep(unsigned int useconds)
      ^~~~~~
../src/sleep.c:97:15: warning: 'return' with a value, in function returning void
        return -1;
               ^
../src/sleep.c:19:6: note: declared here
 void usleep(unsigned int useconds)
      ^~~~~~
'Finished building: ../src/sleep.c'
' '
'Building target: vita_passthrough_app_2.elf'
'Invoking: ARM v7 gcc linker'
arm-none-eabi-gcc -mcpu=cortex-a9 -mfpu=vfpv3 -mfloat-abi=hard -Wl,-build-id=none -specs=Xilinx.spec -Wl,-T -Wl,../src/lscript.ld -L../../vita_passthrough_bsp_2/ps7_cortexa9_0/lib -o "vita_passthrough_app_2.elf"  ./src/fmc_imageon_vita_passthrough.o ./src/helloworld.o ./src/platform.o ./src/sleep.o ./src/video_generator.o ./src/video_resolution.o   -Wl,--start-group,-lxil,-lgcc,-lc,--end-group
'Finished building target: vita_passthrough_app_2.elf'
' '
'Invoking: ARM v7 Print Size'
arm-none-eabi-size vita_passthrough_app_2.elf  |tee "vita_passthrough_app_2.elf.size"
   text	   data	    bss	    dec	    hex	filename
  64800	   4036	   8776	  77612	  12f2c	vita_passthrough_app_2.elf
'Finished building: vita_passthrough_app_2.elf.size'
' '
17:29:40 **** Incremental Build of configuration Debug for project vita_passthrough_app_2 ****
make pre-build main-build 
a9-linaro-pre-build-step
' '
make: Inget behöver göras för "main-build".
17:31:53 **** Incremental Build of configuration Debug for project vita_passthrough_app_2 ****
make pre-build main-build 
a9-linaro-pre-build-step
' '
make: Inget behöver göras för "main-build".
17:33:56 **** Auto Build of configuration Debug for project vita_passthrough_app_2 ****
make pre-build main-build 
a9-linaro-pre-build-step
' '
'Building file: ../src/sleep.c'
'Invoking: ARM v7 gcc compiler'
arm-none-eabi-gcc -Wall -O0 -g3 -c -fmessage-length=0 -MT"src/sleep.o" -mcpu=cortex-a9 -mfpu=vfpv3 -mfloat-abi=hard -I../../vita_passthrough_bsp_2/ps7_cortexa9_0/include -MMD -MP -MF"src/sleep.d" -MT"src/sleep.o" -o "src/sleep.o" "../src/sleep.c"
../src/sleep.c: In function 'usleep':
../src/sleep.c:23:6: warning: implicit declaration of function 'xil_printf' [-Wimplicit-function-declaration]
      xil_printf("before sleep \r\n");
      ^~~~~~~~~~
../src/sleep.c:24:13: warning: this 'for' clause does not guard... [-Wmisleading-indentation]
      int i; for(i = 0; i < 1000 * useconds; ++i);
             ^~~
../src/sleep.c:25:3: note: ...this statement, but the latter is misleadingly indented as if it is guarded by the 'for'
   xil_printf("after sleep \r\n");
   ^~~~~~~~~~
../src/sleep.c:38:10: warning: 'return' with a value, in function returning void
   return 0;
          ^
../src/sleep.c:19:6: note: declared here
 void usleep(unsigned int useconds)
      ^~~~~~
../src/sleep.c:43:10: warning: 'return' with a value, in function returning void
   return -1;
          ^
../src/sleep.c:19:6: note: declared here
 void usleep(unsigned int useconds)
      ^~~~~~
../src/sleep.c:97:15: warning: 'return' with a value, in function returning void
        return -1;
               ^
../src/sleep.c:19:6: note: declared here
 void usleep(unsigned int useconds)
      ^~~~~~
'Finished building: ../src/sleep.c'
' '
'Building target: vita_passthrough_app_2.elf'
'Invoking: ARM v7 gcc linker'
arm-none-eabi-gcc -mcpu=cortex-a9 -mfpu=vfpv3 -mfloat-abi=hard -Wl,-build-id=none -specs=Xilinx.spec -Wl,-T -Wl,../src/lscript.ld -L../../vita_passthrough_bsp_2/ps7_cortexa9_0/lib -o "vita_passthrough_app_2.elf"  ./src/fmc_imageon_vita_passthrough.o ./src/helloworld.o ./src/platform.o ./src/sleep.o ./src/video_generator.o ./src/video_resolution.o   -Wl,--start-group,-lxil,-lgcc,-lc,--end-group
'Finished building target: vita_passthrough_app_2.elf'
' '
'Invoking: ARM v7 Print Size'
arm-none-eabi-size vita_passthrough_app_2.elf  |tee "vita_passthrough_app_2.elf.size"
   text	   data	    bss	    dec	    hex	filename
  64800	   4036	   8776	  77612	  12f2c	vita_passthrough_app_2.elf
'Finished building: vita_passthrough_app_2.elf.size'
' '
17:34:09 **** Incremental Build of configuration Debug for project vita_passthrough_app_2 ****
make pre-build main-build 
a9-linaro-pre-build-step
' '
make: Inget behöver göras för "main-build".
17:34:50 **** Auto Build of configuration Debug for project vita_passthrough_app_2 ****
make pre-build main-build 
a9-linaro-pre-build-step
' '
'Building file: ../src/sleep.c'
'Invoking: ARM v7 gcc compiler'
arm-none-eabi-gcc -Wall -O0 -g3 -c -fmessage-length=0 -MT"src/sleep.o" -mcpu=cortex-a9 -mfpu=vfpv3 -mfloat-abi=hard -I../../vita_passthrough_bsp_2/ps7_cortexa9_0/include -MMD -MP -MF"src/sleep.d" -MT"src/sleep.o" -o "src/sleep.o" "../src/sleep.c"
../src/sleep.c: In function 'usleep':
../src/sleep.c:23:6: warning: implicit declaration of function 'xil_printf' [-Wimplicit-function-declaration]
      xil_printf("before sleep \r\n");
      ^~~~~~~~~~
../src/sleep.c:24:13: warning: this 'for' clause does not guard... [-Wmisleading-indentation]
      int i; for(i = 0; i < 100 * useconds; ++i);
             ^~~
../src/sleep.c:25:3: note: ...this statement, but the latter is misleadingly indented as if it is guarded by the 'for'
   xil_printf("after sleep \r\n");
   ^~~~~~~~~~
../src/sleep.c:38:10: warning: 'return' with a value, in function returning void
   return 0;
          ^
../src/sleep.c:19:6: note: declared here
 void usleep(unsigned int useconds)
      ^~~~~~
../src/sleep.c:43:10: warning: 'return' with a value, in function returning void
   return -1;
          ^
../src/sleep.c:19:6: note: declared here
 void usleep(unsigned int useconds)
      ^~~~~~
../src/sleep.c:97:15: warning: 'return' with a value, in function returning void
        return -1;
               ^
../src/sleep.c:19:6: note: declared here
 void usleep(unsigned int useconds)
      ^~~~~~
'Finished building: ../src/sleep.c'
' '
'Building target: vita_passthrough_app_2.elf'
'Invoking: ARM v7 gcc linker'
arm-none-eabi-gcc -mcpu=cortex-a9 -mfpu=vfpv3 -mfloat-abi=hard -Wl,-build-id=none -specs=Xilinx.spec -Wl,-T -Wl,../src/lscript.ld -L../../vita_passthrough_bsp_2/ps7_cortexa9_0/lib -o "vita_passthrough_app_2.elf"  ./src/fmc_imageon_vita_passthrough.o ./src/helloworld.o ./src/platform.o ./src/sleep.o ./src/video_generator.o ./src/video_resolution.o   -Wl,--start-group,-lxil,-lgcc,-lc,--end-group
'Finished building target: vita_passthrough_app_2.elf'
' '
'Invoking: ARM v7 Print Size'
arm-none-eabi-size vita_passthrough_app_2.elf  |tee "vita_passthrough_app_2.elf.size"
   text	   data	    bss	    dec	    hex	filename
  64800	   4036	   8776	  77612	  12f2c	vita_passthrough_app_2.elf
'Finished building: vita_passthrough_app_2.elf.size'
' '
17:34:54 **** Incremental Build of configuration Debug for project vita_passthrough_app_2 ****
make pre-build main-build 
a9-linaro-pre-build-step
' '
make: Inget behöver göras för "main-build".
17:35:05 **** Incremental Build of configuration Debug for project vita_passthrough_app_2 ****
make pre-build main-build 
a9-linaro-pre-build-step
' '
make: Inget behöver göras för "main-build".
17:35:38 **** Auto Build of configuration Debug for project vita_passthrough_app_2 ****
make pre-build main-build 
a9-linaro-pre-build-step
' '
'Building file: ../src/sleep.c'
'Invoking: ARM v7 gcc compiler'
arm-none-eabi-gcc -Wall -O0 -g3 -c -fmessage-length=0 -MT"src/sleep.o" -mcpu=cortex-a9 -mfpu=vfpv3 -mfloat-abi=hard -I../../vita_passthrough_bsp_2/ps7_cortexa9_0/include -MMD -MP -MF"src/sleep.d" -MT"src/sleep.o" -o "src/sleep.o" "../src/sleep.c"
../src/sleep.c: In function 'usleep':
../src/sleep.c:24:13: warning: this 'for' clause does not guard... [-Wmisleading-indentation]
      int i; for(i = 0; i < 100 * useconds; ++i);
             ^~~
../src/sleep.c:28:2: note: ...this statement, but the latter is misleadingly indented as if it is guarded by the 'for'
  unsigned long tEnd, tCur;
  ^~~~~~~~
../src/sleep.c:38:10: warning: 'return' with a value, in function returning void
   return 0;
          ^
../src/sleep.c:19:6: note: declared here
 void usleep(unsigned int useconds)
      ^~~~~~
../src/sleep.c:43:10: warning: 'return' with a value, in function returning void
   return -1;
          ^
../src/sleep.c:19:6: note: declared here
 void usleep(unsigned int useconds)
      ^~~~~~
../src/sleep.c:96:5: warning: implicit declaration of function 'xil_printf' [-Wimplicit-function-declaration]
     xil_printf( "[usleep] ERROR : function terminated too early ...\r\n" );
     ^~~~~~~~~~
../src/sleep.c:97:15: warning: 'return' with a value, in function returning void
        return -1;
               ^
../src/sleep.c:19:6: note: declared here
 void usleep(unsigned int useconds)
      ^~~~~~
'Finished building: ../src/sleep.c'
' '
'Building target: vita_passthrough_app_2.elf'
'Invoking: ARM v7 gcc linker'
arm-none-eabi-gcc -mcpu=cortex-a9 -mfpu=vfpv3 -mfloat-abi=hard -Wl,-build-id=none -specs=Xilinx.spec -Wl,-T -Wl,../src/lscript.ld -L../../vita_passthrough_bsp_2/ps7_cortexa9_0/lib -o "vita_passthrough_app_2.elf"  ./src/fmc_imageon_vita_passthrough.o ./src/helloworld.o ./src/platform.o ./src/sleep.o ./src/video_generator.o ./src/video_resolution.o   -Wl,--start-group,-lxil,-lgcc,-lc,--end-group
'Finished building target: vita_passthrough_app_2.elf'
' '
'Invoking: ARM v7 Print Size'
arm-none-eabi-size vita_passthrough_app_2.elf  |tee "vita_passthrough_app_2.elf.size"
   text	   data	    bss	    dec	    hex	filename
  64768	   4036	   8776	  77580	  12f0c	vita_passthrough_app_2.elf
'Finished building: vita_passthrough_app_2.elf.size'
' '
17:35:48 **** Auto Build of configuration Debug for project vita_passthrough_app_2 ****
make pre-build main-build 
a9-linaro-pre-build-step
' '
'Building file: ../src/sleep.c'
'Invoking: ARM v7 gcc compiler'
arm-none-eabi-gcc -Wall -O0 -g3 -c -fmessage-length=0 -MT"src/sleep.o" -mcpu=cortex-a9 -mfpu=vfpv3 -mfloat-abi=hard -I../../vita_passthrough_bsp_2/ps7_cortexa9_0/include -MMD -MP -MF"src/sleep.d" -MT"src/sleep.o" -o "src/sleep.o" "../src/sleep.c"
../src/sleep.c: In function 'usleep':
../src/sleep.c:23:6: warning: implicit declaration of function 'xil_printf' [-Wimplicit-function-declaration]
      xil_printf("before sleep \r\n");
      ^~~~~~~~~~
../src/sleep.c:24:13: warning: this 'for' clause does not guard... [-Wmisleading-indentation]
      int i; for(i = 0; i < 100 * useconds; ++i);
             ^~~
../src/sleep.c:25:3: note: ...this statement, but the latter is misleadingly indented as if it is guarded by the 'for'
   xil_printf("after sleep \r\n");
   ^~~~~~~~~~
../src/sleep.c:39:10: warning: 'return' with a value, in function returning void
   return 0;
          ^
../src/sleep.c:19:6: note: declared here
 void usleep(unsigned int useconds)
      ^~~~~~
../src/sleep.c:44:10: warning: 'return' with a value, in function returning void
   return -1;
          ^
../src/sleep.c:19:6: note: declared here
 void usleep(unsigned int useconds)
      ^~~~~~
../src/sleep.c:98:15: warning: 'return' with a value, in function returning void
        return -1;
               ^
../src/sleep.c:19:6: note: declared here
 void usleep(unsigned int useconds)
      ^~~~~~
'Finished building: ../src/sleep.c'
' '
'Building target: vita_passthrough_app_2.elf'
'Invoking: ARM v7 gcc linker'
arm-none-eabi-gcc -mcpu=cortex-a9 -mfpu=vfpv3 -mfloat-abi=hard -Wl,-build-id=none -specs=Xilinx.spec -Wl,-T -Wl,../src/lscript.ld -L../../vita_passthrough_bsp_2/ps7_cortexa9_0/lib -o "vita_passthrough_app_2.elf"  ./src/fmc_imageon_vita_passthrough.o ./src/helloworld.o ./src/platform.o ./src/sleep.o ./src/video_generator.o ./src/video_resolution.o   -Wl,--start-group,-lxil,-lgcc,-lc,--end-group
'Finished building target: vita_passthrough_app_2.elf'
' '
'Invoking: ARM v7 Print Size'
arm-none-eabi-size vita_passthrough_app_2.elf  |tee "vita_passthrough_app_2.elf.size"
   text	   data	    bss	    dec	    hex	filename
  64424	   4036	   8776	  77236	  12db4	vita_passthrough_app_2.elf
'Finished building: vita_passthrough_app_2.elf.size'
' '
17:36:01 **** Incremental Build of configuration Debug for project vita_passthrough_app_2 ****
make pre-build main-build 
a9-linaro-pre-build-step
' '
make: Inget behöver göras för "main-build".
17:36:16 **** Auto Build of configuration Debug for project vita_passthrough_app_2 ****
make pre-build main-build 
a9-linaro-pre-build-step
' '
'Building file: ../src/sleep.c'
'Invoking: ARM v7 gcc compiler'
arm-none-eabi-gcc -Wall -O0 -g3 -c -fmessage-length=0 -MT"src/sleep.o" -mcpu=cortex-a9 -mfpu=vfpv3 -mfloat-abi=hard -I../../vita_passthrough_bsp_2/ps7_cortexa9_0/include -MMD -MP -MF"src/sleep.d" -MT"src/sleep.o" -o "src/sleep.o" "../src/sleep.c"
../src/sleep.c: In function 'usleep':
../src/sleep.c:39:10: warning: 'return' with a value, in function returning void
   return 0;
          ^
../src/sleep.c:19:6: note: declared here
 void usleep(unsigned int useconds)
      ^~~~~~
../src/sleep.c:44:10: warning: 'return' with a value, in function returning void
   return -1;
          ^
../src/sleep.c:19:6: note: declared here
 void usleep(unsigned int useconds)
      ^~~~~~
../src/sleep.c:97:5: warning: implicit declaration of function 'xil_printf' [-Wimplicit-function-declaration]
     xil_printf( "[usleep] ERROR : function terminated too early ...\r\n" );
     ^~~~~~~~~~
../src/sleep.c:98:15: warning: 'return' with a value, in function returning void
        return -1;
               ^
../src/sleep.c:19:6: note: declared here
 void usleep(unsigned int useconds)
      ^~~~~~
'Finished building: ../src/sleep.c'
' '
'Building target: vita_passthrough_app_2.elf'
'Invoking: ARM v7 gcc linker'
arm-none-eabi-gcc -mcpu=cortex-a9 -mfpu=vfpv3 -mfloat-abi=hard -Wl,-build-id=none -specs=Xilinx.spec -Wl,-T -Wl,../src/lscript.ld -L../../vita_passthrough_bsp_2/ps7_cortexa9_0/lib -o "vita_passthrough_app_2.elf"  ./src/fmc_imageon_vita_passthrough.o ./src/helloworld.o ./src/platform.o ./src/sleep.o ./src/video_generator.o ./src/video_resolution.o   -Wl,--start-group,-lxil,-lgcc,-lc,--end-group
'Finished building target: vita_passthrough_app_2.elf'
' '
'Invoking: ARM v7 Print Size'
arm-none-eabi-size vita_passthrough_app_2.elf  |tee "vita_passthrough_app_2.elf.size"
   text	   data	    bss	    dec	    hex	filename
  64392	   4036	   8776	  77204	  12d94	vita_passthrough_app_2.elf
'Finished building: vita_passthrough_app_2.elf.size'
' '
17:36:21 **** Incremental Build of configuration Debug for project vita_passthrough_app_2 ****
make pre-build main-build 
a9-linaro-pre-build-step
' '
make: Inget behöver göras för "main-build".
17:37:35 **** Incremental Build of configuration Debug for project vita_passthrough_app_2 ****
make pre-build main-build 
a9-linaro-pre-build-step
' '
make: Inget behöver göras för "main-build".
17:39:47 **** Auto Build of configuration Debug for project vita_passthrough_app_2 ****
make pre-build main-build 
a9-linaro-pre-build-step
' '
'Building file: ../src/fmc_imageon_vita_passthrough.c'
'Invoking: ARM v7 gcc compiler'
arm-none-eabi-gcc -Wall -O0 -g3 -c -fmessage-length=0 -MT"src/fmc_imageon_vita_passthrough.o" -mcpu=cortex-a9 -mfpu=vfpv3 -mfloat-abi=hard -I../../vita_passthrough_bsp_2/ps7_cortexa9_0/include -MMD -MP -MF"src/fmc_imageon_vita_passthrough.d" -MT"src/fmc_imageon_vita_passthrough.o" -o "src/fmc_imageon_vita_passthrough.o" "../src/fmc_imageon_vita_passthrough.c"
../src/fmc_imageon_vita_passthrough.c:3:1: warning: multi-line comment [-Wcomment]
 //     /     \
 ^
In file included from ../src/fmc_imageon_vita_passthrough.c:56:0:
../src/fmc_imageon_vita_passthrough.h:3:1: warning: multi-line comment [-Wcomment]
 //     /     \
 ^
In file included from ../src/fmc_imageon_vita_passthrough.h:61:0,
                 from ../src/fmc_imageon_vita_passthrough.c:56:
../../vita_passthrough_bsp_2/ps7_cortexa9_0/include/fmc_iic.h:3:1: warning: multi-line comment [-Wcomment]
 //     /     \
 ^
In file included from ../../vita_passthrough_bsp_2/ps7_cortexa9_0/include/fmc_iic.h:57:0,
                 from ../src/fmc_imageon_vita_passthrough.h:61,
                 from ../src/fmc_imageon_vita_passthrough.c:56:
../../vita_passthrough_bsp_2/ps7_cortexa9_0/include/xbasic_types.h:115:2: warning: #warning The xbasics_type.h file is deprecated and users should use xil_types.h and xil_assert. [-Wcpp]
 #warning  The xbasics_type.h file is deprecated and users should use xil_types.h and xil_assert.
  ^~~~~~~
../../vita_passthrough_bsp_2/ps7_cortexa9_0/include/xbasic_types.h:116:2: warning: #warning Please refer the Standalone BSP UG647 for further details [-Wcpp]
 #warning  Please refer the Standalone BSP UG647 for further details
  ^~~~~~~
In file included from ../src/fmc_imageon_vita_passthrough.h:62:0,
                 from ../src/fmc_imageon_vita_passthrough.c:56:
../../vita_passthrough_bsp_2/ps7_cortexa9_0/include/fmc_imageon.h:3:1: warning: multi-line comment [-Wcomment]
 //     /     \
 ^
In file included from ../../vita_passthrough_bsp_2/ps7_cortexa9_0/include/fmc_imageon.h:78:0,
                 from ../src/fmc_imageon_vita_passthrough.h:62,
                 from ../src/fmc_imageon_vita_passthrough.c:56:
../../vita_passthrough_bsp_2/ps7_cortexa9_0/include/fmc_iic.h:3:1: warning: multi-line comment [-Wcomment]
 //     /     \
 ^
In file included from ../src/fmc_imageon_vita_passthrough.h:63:0,
                 from ../src/fmc_imageon_vita_passthrough.c:56:
../src/video_resolution.h:3:1: warning: multi-line comment [-Wcomment]
 //     /     \
 ^
In file included from ../src/fmc_imageon_vita_passthrough.h:65:0,
                 from ../src/fmc_imageon_vita_passthrough.c:56:
../../vita_passthrough_bsp_2/ps7_cortexa9_0/include/fmc_imageon_vita_receiver.h:3:1: warning: multi-line comment [-Wcomment]
 //     /     \
 ^
In file included from ../src/fmc_imageon_vita_passthrough.h:70:0,
                 from ../src/fmc_imageon_vita_passthrough.c:56:
../src/video_generator.h:3:1: warning: multi-line comment [-Wcomment]
 //     /     \
 ^
../src/fmc_imageon_vita_passthrough.c: In function 'fmc_imageon_vita_passthrough_init':
../src/fmc_imageon_vita_passthrough.c:77:7: warning: implicit declaration of function 'exit' [-Wimplicit-function-declaration]
       exit(0);
       ^~~~
../src/fmc_imageon_vita_passthrough.c:77:7: warning: incompatible implicit declaration of built-in function 'exit'
../src/fmc_imageon_vita_passthrough.c:77:7: note: include '<stdlib.h>' or provide a declaration of 'exit'
../src/fmc_imageon_vita_passthrough.c:140:7: warning: incompatible implicit declaration of built-in function 'exit'
       exit(0);
       ^~~~
../src/fmc_imageon_vita_passthrough.c:140:7: note: include '<stdlib.h>' or provide a declaration of 'exit'
In file included from ../../vita_passthrough_bsp_2/ps7_cortexa9_0/include/xcfa.h:183:0,
                 from ../src/fmc_imageon_vita_passthrough.h:79,
                 from ../src/fmc_imageon_vita_passthrough.c:56:
../../vita_passthrough_bsp_2/ps7_cortexa9_0/include/xcfa_hw.h:246:13: warning: passing argument 1 of 'Xil_Out32' makes integer from pointer without a cast [-Wint-conversion]
  XCfa_Out32((BaseAddress) + (u32)(RegOffset), (Data))
             ^
../src/fmc_imageon_vita_passthrough.c:227:4: note: in expansion of macro 'XCfa_WriteReg'
    XCfa_WriteReg( &a , CFA_BAYER_PHASE, 0 );
    ^~~~~~~~~~~~~
In file included from ../../vita_passthrough_bsp_2/ps7_cortexa9_0/include/fmc_imageon_vita_receiver.h:89:0,
                 from ../src/fmc_imageon_vita_passthrough.h:65,
                 from ../src/fmc_imageon_vita_passthrough.c:56:
../../vita_passthrough_bsp_2/ps7_cortexa9_0/include/xil_io.h:223:20: note: expected 'UINTPTR {aka unsigned int}' but argument is of type 'XCfa * {aka struct <anonymous> *}'
 static INLINE void Xil_Out32(UINTPTR Addr, u32 Value)
                    ^~~~~~~~~
../src/fmc_imageon_vita_passthrough.c:62:12: warning: unused variable 'timeout' [-Wunused-variable]
    Xuint32 timeout = 100;
            ^~~~~~~
'Finished building: ../src/fmc_imageon_vita_passthrough.c'
' '
'Building target: vita_passthrough_app_2.elf'
'Invoking: ARM v7 gcc linker'
arm-none-eabi-gcc -mcpu=cortex-a9 -mfpu=vfpv3 -mfloat-abi=hard -Wl,-build-id=none -specs=Xilinx.spec -Wl,-T -Wl,../src/lscript.ld -L../../vita_passthrough_bsp_2/ps7_cortexa9_0/lib -o "vita_passthrough_app_2.elf"  ./src/fmc_imageon_vita_passthrough.o ./src/helloworld.o ./src/platform.o ./src/sleep.o ./src/video_generator.o ./src/video_resolution.o   -Wl,--start-group,-lxil,-lgcc,-lc,--end-group
'Finished building target: vita_passthrough_app_2.elf'
' '
'Invoking: ARM v7 Print Size'
arm-none-eabi-size vita_passthrough_app_2.elf  |tee "vita_passthrough_app_2.elf.size"
   text	   data	    bss	    dec	    hex	filename
  64392	   4036	   8776	  77204	  12d94	vita_passthrough_app_2.elf
'Finished building: vita_passthrough_app_2.elf.size'
' '
17:40:02 **** Incremental Build of configuration Debug for project vita_passthrough_app_2 ****
make pre-build main-build 
a9-linaro-pre-build-step
' '
make: Inget behöver göras för "main-build".
17:41:17 **** Auto Build of configuration Debug for project vita_passthrough_app_2 ****
make pre-build main-build 
a9-linaro-pre-build-step
' '
'Building file: ../src/fmc_imageon_vita_passthrough.c'
'Invoking: ARM v7 gcc compiler'
arm-none-eabi-gcc -Wall -O0 -g3 -c -fmessage-length=0 -MT"src/fmc_imageon_vita_passthrough.o" -mcpu=cortex-a9 -mfpu=vfpv3 -mfloat-abi=hard -I../../vita_passthrough_bsp_2/ps7_cortexa9_0/include -MMD -MP -MF"src/fmc_imageon_vita_passthrough.d" -MT"src/fmc_imageon_vita_passthrough.o" -o "src/fmc_imageon_vita_passthrough.o" "../src/fmc_imageon_vita_passthrough.c"
../src/fmc_imageon_vita_passthrough.c:3:1: warning: multi-line comment [-Wcomment]
 //     /     \
 ^
In file included from ../src/fmc_imageon_vita_passthrough.c:56:0:
../src/fmc_imageon_vita_passthrough.h:3:1: warning: multi-line comment [-Wcomment]
 //     /     \
 ^
In file included from ../src/fmc_imageon_vita_passthrough.h:61:0,
                 from ../src/fmc_imageon_vita_passthrough.c:56:
../../vita_passthrough_bsp_2/ps7_cortexa9_0/include/fmc_iic.h:3:1: warning: multi-line comment [-Wcomment]
 //     /     \
 ^
In file included from ../../vita_passthrough_bsp_2/ps7_cortexa9_0/include/fmc_iic.h:57:0,
                 from ../src/fmc_imageon_vita_passthrough.h:61,
                 from ../src/fmc_imageon_vita_passthrough.c:56:
../../vita_passthrough_bsp_2/ps7_cortexa9_0/include/xbasic_types.h:115:2: warning: #warning The xbasics_type.h file is deprecated and users should use xil_types.h and xil_assert. [-Wcpp]
 #warning  The xbasics_type.h file is deprecated and users should use xil_types.h and xil_assert.
  ^~~~~~~
../../vita_passthrough_bsp_2/ps7_cortexa9_0/include/xbasic_types.h:116:2: warning: #warning Please refer the Standalone BSP UG647 for further details [-Wcpp]
 #warning  Please refer the Standalone BSP UG647 for further details
  ^~~~~~~
In file included from ../src/fmc_imageon_vita_passthrough.h:62:0,
                 from ../src/fmc_imageon_vita_passthrough.c:56:
../../vita_passthrough_bsp_2/ps7_cortexa9_0/include/fmc_imageon.h:3:1: warning: multi-line comment [-Wcomment]
 //     /     \
 ^
In file included from ../../vita_passthrough_bsp_2/ps7_cortexa9_0/include/fmc_imageon.h:78:0,
                 from ../src/fmc_imageon_vita_passthrough.h:62,
                 from ../src/fmc_imageon_vita_passthrough.c:56:
../../vita_passthrough_bsp_2/ps7_cortexa9_0/include/fmc_iic.h:3:1: warning: multi-line comment [-Wcomment]
 //     /     \
 ^
In file included from ../src/fmc_imageon_vita_passthrough.h:63:0,
                 from ../src/fmc_imageon_vita_passthrough.c:56:
../src/video_resolution.h:3:1: warning: multi-line comment [-Wcomment]
 //     /     \
 ^
In file included from ../src/fmc_imageon_vita_passthrough.h:65:0,
                 from ../src/fmc_imageon_vita_passthrough.c:56:
../../vita_passthrough_bsp_2/ps7_cortexa9_0/include/fmc_imageon_vita_receiver.h:3:1: warning: multi-line comment [-Wcomment]
 //     /     \
 ^
In file included from ../src/fmc_imageon_vita_passthrough.h:70:0,
                 from ../src/fmc_imageon_vita_passthrough.c:56:
../src/video_generator.h:3:1: warning: multi-line comment [-Wcomment]
 //     /     \
 ^
../src/fmc_imageon_vita_passthrough.c: In function 'fmc_imageon_vita_passthrough_init':
../src/fmc_imageon_vita_passthrough.c:77:7: warning: implicit declaration of function 'exit' [-Wimplicit-function-declaration]
       exit(0);
       ^~~~
../src/fmc_imageon_vita_passthrough.c:77:7: warning: incompatible implicit declaration of built-in function 'exit'
../src/fmc_imageon_vita_passthrough.c:77:7: note: include '<stdlib.h>' or provide a declaration of 'exit'
../src/fmc_imageon_vita_passthrough.c:140:7: warning: incompatible implicit declaration of built-in function 'exit'
       exit(0);
       ^~~~
../src/fmc_imageon_vita_passthrough.c:140:7: note: include '<stdlib.h>' or provide a declaration of 'exit'
In file included from ../../vita_passthrough_bsp_2/ps7_cortexa9_0/include/xcfa.h:183:0,
                 from ../src/fmc_imageon_vita_passthrough.h:79,
                 from ../src/fmc_imageon_vita_passthrough.c:56:
../../vita_passthrough_bsp_2/ps7_cortexa9_0/include/xcfa_hw.h:246:13: warning: passing argument 1 of 'Xil_Out32' makes integer from pointer without a cast [-Wint-conversion]
  XCfa_Out32((BaseAddress) + (u32)(RegOffset), (Data))
             ^
../src/fmc_imageon_vita_passthrough.c:228:4: note: in expansion of macro 'XCfa_WriteReg'
    XCfa_WriteReg( &a , CFA_BAYER_PHASE, 0 );
    ^~~~~~~~~~~~~
In file included from ../../vita_passthrough_bsp_2/ps7_cortexa9_0/include/fmc_imageon_vita_receiver.h:89:0,
                 from ../src/fmc_imageon_vita_passthrough.h:65,
                 from ../src/fmc_imageon_vita_passthrough.c:56:
../../vita_passthrough_bsp_2/ps7_cortexa9_0/include/xil_io.h:223:20: note: expected 'UINTPTR {aka unsigned int}' but argument is of type 'XCfa * {aka struct <anonymous> *}'
 static INLINE void Xil_Out32(UINTPTR Addr, u32 Value)
                    ^~~~~~~~~
../src/fmc_imageon_vita_passthrough.c:62:12: warning: unused variable 'timeout' [-Wunused-variable]
    Xuint32 timeout = 100;
            ^~~~~~~
'Finished building: ../src/fmc_imageon_vita_passthrough.c'
' '
'Building target: vita_passthrough_app_2.elf'
'Invoking: ARM v7 gcc linker'
arm-none-eabi-gcc -mcpu=cortex-a9 -mfpu=vfpv3 -mfloat-abi=hard -Wl,-build-id=none -specs=Xilinx.spec -Wl,-T -Wl,../src/lscript.ld -L../../vita_passthrough_bsp_2/ps7_cortexa9_0/lib -o "vita_passthrough_app_2.elf"  ./src/fmc_imageon_vita_passthrough.o ./src/helloworld.o ./src/platform.o ./src/sleep.o ./src/video_generator.o ./src/video_resolution.o   -Wl,--start-group,-lxil,-lgcc,-lc,--end-group
'Finished building target: vita_passthrough_app_2.elf'
' '
'Invoking: ARM v7 Print Size'
arm-none-eabi-size vita_passthrough_app_2.elf  |tee "vita_passthrough_app_2.elf.size"
   text	   data	    bss	    dec	    hex	filename
  64392	   4036	   8776	  77204	  12d94	vita_passthrough_app_2.elf
'Finished building: vita_passthrough_app_2.elf.size'
' '
17:41:24 **** Incremental Build of configuration Debug for project vita_passthrough_app_2 ****
make pre-build main-build 
a9-linaro-pre-build-step
' '
make: Inget behöver göras för "main-build".
17:42:04 **** Incremental Build of configuration Debug for project vita_passthrough_app_2 ****
make pre-build main-build 
a9-linaro-pre-build-step
' '
make: Inget behöver göras för "main-build".
17:49:07 **** Auto Build of configuration Debug for project vita_passthrough_app_2 ****
make pre-build main-build 
a9-linaro-pre-build-step
' '
'Building file: ../src/fmc_imageon_vita_passthrough.c'
'Invoking: ARM v7 gcc compiler'
arm-none-eabi-gcc -Wall -O0 -g3 -c -fmessage-length=0 -MT"src/fmc_imageon_vita_passthrough.o" -mcpu=cortex-a9 -mfpu=vfpv3 -mfloat-abi=hard -I../../vita_passthrough_bsp_2/ps7_cortexa9_0/include -MMD -MP -MF"src/fmc_imageon_vita_passthrough.d" -MT"src/fmc_imageon_vita_passthrough.o" -o "src/fmc_imageon_vita_passthrough.o" "../src/fmc_imageon_vita_passthrough.c"
../src/fmc_imageon_vita_passthrough.c:3:1: warning: multi-line comment [-Wcomment]
 //     /     \
 ^
In file included from ../src/fmc_imageon_vita_passthrough.c:56:0:
../src/fmc_imageon_vita_passthrough.h:3:1: warning: multi-line comment [-Wcomment]
 //     /     \
 ^
In file included from ../src/fmc_imageon_vita_passthrough.h:61:0,
                 from ../src/fmc_imageon_vita_passthrough.c:56:
../../vita_passthrough_bsp_2/ps7_cortexa9_0/include/fmc_iic.h:3:1: warning: multi-line comment [-Wcomment]
 //     /     \
 ^
In file included from ../../vita_passthrough_bsp_2/ps7_cortexa9_0/include/fmc_iic.h:57:0,
                 from ../src/fmc_imageon_vita_passthrough.h:61,
                 from ../src/fmc_imageon_vita_passthrough.c:56:
../../vita_passthrough_bsp_2/ps7_cortexa9_0/include/xbasic_types.h:115:2: warning: #warning The xbasics_type.h file is deprecated and users should use xil_types.h and xil_assert. [-Wcpp]
 #warning  The xbasics_type.h file is deprecated and users should use xil_types.h and xil_assert.
  ^~~~~~~
../../vita_passthrough_bsp_2/ps7_cortexa9_0/include/xbasic_types.h:116:2: warning: #warning Please refer the Standalone BSP UG647 for further details [-Wcpp]
 #warning  Please refer the Standalone BSP UG647 for further details
  ^~~~~~~
In file included from ../src/fmc_imageon_vita_passthrough.h:62:0,
                 from ../src/fmc_imageon_vita_passthrough.c:56:
../../vita_passthrough_bsp_2/ps7_cortexa9_0/include/fmc_imageon.h:3:1: warning: multi-line comment [-Wcomment]
 //     /     \
 ^
In file included from ../../vita_passthrough_bsp_2/ps7_cortexa9_0/include/fmc_imageon.h:78:0,
                 from ../src/fmc_imageon_vita_passthrough.h:62,
                 from ../src/fmc_imageon_vita_passthrough.c:56:
../../vita_passthrough_bsp_2/ps7_cortexa9_0/include/fmc_iic.h:3:1: warning: multi-line comment [-Wcomment]
 //     /     \
 ^
In file included from ../src/fmc_imageon_vita_passthrough.h:63:0,
                 from ../src/fmc_imageon_vita_passthrough.c:56:
../src/video_resolution.h:3:1: warning: multi-line comment [-Wcomment]
 //     /     \
 ^
In file included from ../src/fmc_imageon_vita_passthrough.h:65:0,
                 from ../src/fmc_imageon_vita_passthrough.c:56:
../../vita_passthrough_bsp_2/ps7_cortexa9_0/include/fmc_imageon_vita_receiver.h:3:1: warning: multi-line comment [-Wcomment]
 //     /     \
 ^
In file included from ../src/fmc_imageon_vita_passthrough.h:70:0,
                 from ../src/fmc_imageon_vita_passthrough.c:56:
../src/video_generator.h:3:1: warning: multi-line comment [-Wcomment]
 //     /     \
 ^
../src/fmc_imageon_vita_passthrough.c: In function 'fmc_imageon_vita_passthrough_init':
../src/fmc_imageon_vita_passthrough.c:77:7: warning: implicit declaration of function 'exit' [-Wimplicit-function-declaration]
       exit(0);
       ^~~~
../src/fmc_imageon_vita_passthrough.c:77:7: warning: incompatible implicit declaration of built-in function 'exit'
../src/fmc_imageon_vita_passthrough.c:77:7: note: include '<stdlib.h>' or provide a declaration of 'exit'
../src/fmc_imageon_vita_passthrough.c:140:7: warning: incompatible implicit declaration of built-in function 'exit'
       exit(0);
       ^~~~
../src/fmc_imageon_vita_passthrough.c:140:7: note: include '<stdlib.h>' or provide a declaration of 'exit'
In file included from ../../vita_passthrough_bsp_2/ps7_cortexa9_0/include/xcfa.h:183:0,
                 from ../src/fmc_imageon_vita_passthrough.h:79,
                 from ../src/fmc_imageon_vita_passthrough.c:56:
../../vita_passthrough_bsp_2/ps7_cortexa9_0/include/xcfa_hw.h:246:13: warning: passing argument 1 of 'Xil_Out32' makes integer from pointer without a cast [-Wint-conversion]
  XCfa_Out32((BaseAddress) + (u32)(RegOffset), (Data))
             ^
../src/fmc_imageon_vita_passthrough.c:228:4: note: in expansion of macro 'XCfa_WriteReg'
    XCfa_WriteReg( &a , CFA_BAYER_PHASE, 0 );
    ^~~~~~~~~~~~~
In file included from ../../vita_passthrough_bsp_2/ps7_cortexa9_0/include/fmc_imageon_vita_receiver.h:89:0,
                 from ../src/fmc_imageon_vita_passthrough.h:65,
                 from ../src/fmc_imageon_vita_passthrough.c:56:
../../vita_passthrough_bsp_2/ps7_cortexa9_0/include/xil_io.h:223:20: note: expected 'UINTPTR {aka unsigned int}' but argument is of type 'XCfa * {aka struct <anonymous> *}'
 static INLINE void Xil_Out32(UINTPTR Addr, u32 Value)
                    ^~~~~~~~~
../src/fmc_imageon_vita_passthrough.c:62:12: warning: unused variable 'timeout' [-Wunused-variable]
    Xuint32 timeout = 100;
            ^~~~~~~
'Finished building: ../src/fmc_imageon_vita_passthrough.c'
' '
'Building target: vita_passthrough_app_2.elf'
'Invoking: ARM v7 gcc linker'
arm-none-eabi-gcc -mcpu=cortex-a9 -mfpu=vfpv3 -mfloat-abi=hard -Wl,-build-id=none -specs=Xilinx.spec -Wl,-T -Wl,../src/lscript.ld -L../../vita_passthrough_bsp_2/ps7_cortexa9_0/lib -o "vita_passthrough_app_2.elf"  ./src/fmc_imageon_vita_passthrough.o ./src/helloworld.o ./src/platform.o ./src/sleep.o ./src/video_generator.o ./src/video_resolution.o   -Wl,--start-group,-lxil,-lgcc,-lc,--end-group
'Finished building target: vita_passthrough_app_2.elf'
' '
'Invoking: ARM v7 Print Size'
arm-none-eabi-size vita_passthrough_app_2.elf  |tee "vita_passthrough_app_2.elf.size"
   text	   data	    bss	    dec	    hex	filename
  64392	   4036	   8776	  77204	  12d94	vita_passthrough_app_2.elf
'Finished building: vita_passthrough_app_2.elf.size'
' '
17:49:11 **** Incremental Build of configuration Debug for project vita_passthrough_app_2 ****
make pre-build main-build 
a9-linaro-pre-build-step
' '
make: Inget behöver göras för "main-build".
17:49:40 **** Incremental Build of configuration Debug for project vita_passthrough_app_2 ****
make pre-build main-build 
a9-linaro-pre-build-step
' '
make: Inget behöver göras för "main-build".
17:50:04 **** Auto Build of configuration Debug for project vita_passthrough_app_2 ****
make pre-build main-build 
a9-linaro-pre-build-step
' '
'Building file: ../src/fmc_imageon_vita_passthrough.c'
'Invoking: ARM v7 gcc compiler'
arm-none-eabi-gcc -Wall -O0 -g3 -c -fmessage-length=0 -MT"src/fmc_imageon_vita_passthrough.o" -mcpu=cortex-a9 -mfpu=vfpv3 -mfloat-abi=hard -I../../vita_passthrough_bsp_2/ps7_cortexa9_0/include -MMD -MP -MF"src/fmc_imageon_vita_passthrough.d" -MT"src/fmc_imageon_vita_passthrough.o" -o "src/fmc_imageon_vita_passthrough.o" "../src/fmc_imageon_vita_passthrough.c"
../src/fmc_imageon_vita_passthrough.c:3:1: warning: multi-line comment [-Wcomment]
 //     /     \
 ^
In file included from ../src/fmc_imageon_vita_passthrough.c:56:0:
../src/fmc_imageon_vita_passthrough.h:3:1: warning: multi-line comment [-Wcomment]
 //     /     \
 ^
In file included from ../src/fmc_imageon_vita_passthrough.h:61:0,
                 from ../src/fmc_imageon_vita_passthrough.c:56:
../../vita_passthrough_bsp_2/ps7_cortexa9_0/include/fmc_iic.h:3:1: warning: multi-line comment [-Wcomment]
 //     /     \
 ^
In file included from ../../vita_passthrough_bsp_2/ps7_cortexa9_0/include/fmc_iic.h:57:0,
                 from ../src/fmc_imageon_vita_passthrough.h:61,
                 from ../src/fmc_imageon_vita_passthrough.c:56:
../../vita_passthrough_bsp_2/ps7_cortexa9_0/include/xbasic_types.h:115:2: warning: #warning The xbasics_type.h file is deprecated and users should use xil_types.h and xil_assert. [-Wcpp]
 #warning  The xbasics_type.h file is deprecated and users should use xil_types.h and xil_assert.
  ^~~~~~~
../../vita_passthrough_bsp_2/ps7_cortexa9_0/include/xbasic_types.h:116:2: warning: #warning Please refer the Standalone BSP UG647 for further details [-Wcpp]
 #warning  Please refer the Standalone BSP UG647 for further details
  ^~~~~~~
In file included from ../src/fmc_imageon_vita_passthrough.h:62:0,
                 from ../src/fmc_imageon_vita_passthrough.c:56:
../../vita_passthrough_bsp_2/ps7_cortexa9_0/include/fmc_imageon.h:3:1: warning: multi-line comment [-Wcomment]
 //     /     \
 ^
In file included from ../../vita_passthrough_bsp_2/ps7_cortexa9_0/include/fmc_imageon.h:78:0,
                 from ../src/fmc_imageon_vita_passthrough.h:62,
                 from ../src/fmc_imageon_vita_passthrough.c:56:
../../vita_passthrough_bsp_2/ps7_cortexa9_0/include/fmc_iic.h:3:1: warning: multi-line comment [-Wcomment]
 //     /     \
 ^
In file included from ../src/fmc_imageon_vita_passthrough.h:63:0,
                 from ../src/fmc_imageon_vita_passthrough.c:56:
../src/video_resolution.h:3:1: warning: multi-line comment [-Wcomment]
 //     /     \
 ^
In file included from ../src/fmc_imageon_vita_passthrough.h:65:0,
                 from ../src/fmc_imageon_vita_passthrough.c:56:
../../vita_passthrough_bsp_2/ps7_cortexa9_0/include/fmc_imageon_vita_receiver.h:3:1: warning: multi-line comment [-Wcomment]
 //     /     \
 ^
In file included from ../src/fmc_imageon_vita_passthrough.h:70:0,
                 from ../src/fmc_imageon_vita_passthrough.c:56:
../src/video_generator.h:3:1: warning: multi-line comment [-Wcomment]
 //     /     \
 ^
../src/fmc_imageon_vita_passthrough.c: In function 'fmc_imageon_vita_passthrough_init':
../src/fmc_imageon_vita_passthrough.c:77:7: warning: implicit declaration of function 'exit' [-Wimplicit-function-declaration]
       exit(0);
       ^~~~
../src/fmc_imageon_vita_passthrough.c:77:7: warning: incompatible implicit declaration of built-in function 'exit'
../src/fmc_imageon_vita_passthrough.c:77:7: note: include '<stdlib.h>' or provide a declaration of 'exit'
../src/fmc_imageon_vita_passthrough.c:140:7: warning: incompatible implicit declaration of built-in function 'exit'
       exit(0);
       ^~~~
../src/fmc_imageon_vita_passthrough.c:140:7: note: include '<stdlib.h>' or provide a declaration of 'exit'
In file included from ../../vita_passthrough_bsp_2/ps7_cortexa9_0/include/xcfa.h:183:0,
                 from ../src/fmc_imageon_vita_passthrough.h:79,
                 from ../src/fmc_imageon_vita_passthrough.c:56:
../../vita_passthrough_bsp_2/ps7_cortexa9_0/include/xcfa_hw.h:246:13: warning: passing argument 1 of 'Xil_Out32' makes integer from pointer without a cast [-Wint-conversion]
  XCfa_Out32((BaseAddress) + (u32)(RegOffset), (Data))
             ^
../src/fmc_imageon_vita_passthrough.c:228:4: note: in expansion of macro 'XCfa_WriteReg'
    XCfa_WriteReg( &a , CFA_BAYER_PHASE, 0 );
    ^~~~~~~~~~~~~
In file included from ../../vita_passthrough_bsp_2/ps7_cortexa9_0/include/fmc_imageon_vita_receiver.h:89:0,
                 from ../src/fmc_imageon_vita_passthrough.h:65,
                 from ../src/fmc_imageon_vita_passthrough.c:56:
../../vita_passthrough_bsp_2/ps7_cortexa9_0/include/xil_io.h:223:20: note: expected 'UINTPTR {aka unsigned int}' but argument is of type 'XCfa * {aka struct <anonymous> *}'
 static INLINE void Xil_Out32(UINTPTR Addr, u32 Value)
                    ^~~~~~~~~
../src/fmc_imageon_vita_passthrough.c:62:12: warning: unused variable 'timeout' [-Wunused-variable]
    Xuint32 timeout = 100;
            ^~~~~~~
'Finished building: ../src/fmc_imageon_vita_passthrough.c'
' '
'Building target: vita_passthrough_app_2.elf'
'Invoking: ARM v7 gcc linker'
arm-none-eabi-gcc -mcpu=cortex-a9 -mfpu=vfpv3 -mfloat-abi=hard -Wl,-build-id=none -specs=Xilinx.spec -Wl,-T -Wl,../src/lscript.ld -L../../vita_passthrough_bsp_2/ps7_cortexa9_0/lib -o "vita_passthrough_app_2.elf"  ./src/fmc_imageon_vita_passthrough.o ./src/helloworld.o ./src/platform.o ./src/sleep.o ./src/video_generator.o ./src/video_resolution.o   -Wl,--start-group,-lxil,-lgcc,-lc,--end-group
'Finished building target: vita_passthrough_app_2.elf'
' '
'Invoking: ARM v7 Print Size'
arm-none-eabi-size vita_passthrough_app_2.elf  |tee "vita_passthrough_app_2.elf.size"
   text	   data	    bss	    dec	    hex	filename
  64392	   4036	   8776	  77204	  12d94	vita_passthrough_app_2.elf
'Finished building: vita_passthrough_app_2.elf.size'
' '
17:50:09 **** Incremental Build of configuration Debug for project vita_passthrough_app_2 ****
make pre-build main-build 
a9-linaro-pre-build-step
' '
make: Inget behöver göras för "main-build".
10:01:31 **** Incremental Build of configuration Debug for project vita_passthrough_app_2 ****
make pre-build main-build 
a9-linaro-pre-build-step
' '
make: Inget behöver göras för "main-build".
10:02:35 **** Auto Build of configuration Debug for project vita_passthrough_app_2 ****
make pre-build main-build 
a9-linaro-pre-build-step
' '
'Building file: ../src/fmc_imageon_vita_passthrough.c'
'Invoking: ARM v7 gcc compiler'
arm-none-eabi-gcc -Wall -O0 -g3 -c -fmessage-length=0 -MT"src/fmc_imageon_vita_passthrough.o" -mcpu=cortex-a9 -mfpu=vfpv3 -mfloat-abi=hard -I../../vita_passthrough_bsp_2/ps7_cortexa9_0/include -MMD -MP -MF"src/fmc_imageon_vita_passthrough.d" -MT"src/fmc_imageon_vita_passthrough.o" -o "src/fmc_imageon_vita_passthrough.o" "../src/fmc_imageon_vita_passthrough.c"
../src/fmc_imageon_vita_passthrough.c:3:1: warning: multi-line comment [-Wcomment]
 //     /     \
 ^
In file included from ../src/fmc_imageon_vita_passthrough.c:56:0:
../src/fmc_imageon_vita_passthrough.h:3:1: warning: multi-line comment [-Wcomment]
 //     /     \
 ^
In file included from ../src/fmc_imageon_vita_passthrough.h:61:0,
                 from ../src/fmc_imageon_vita_passthrough.c:56:
../../vita_passthrough_bsp_2/ps7_cortexa9_0/include/fmc_iic.h:3:1: warning: multi-line comment [-Wcomment]
 //     /     \
 ^
In file included from ../../vita_passthrough_bsp_2/ps7_cortexa9_0/include/fmc_iic.h:57:0,
                 from ../src/fmc_imageon_vita_passthrough.h:61,
                 from ../src/fmc_imageon_vita_passthrough.c:56:
../../vita_passthrough_bsp_2/ps7_cortexa9_0/include/xbasic_types.h:115:2: warning: #warning The xbasics_type.h file is deprecated and users should use xil_types.h and xil_assert. [-Wcpp]
 #warning  The xbasics_type.h file is deprecated and users should use xil_types.h and xil_assert.
  ^~~~~~~
../../vita_passthrough_bsp_2/ps7_cortexa9_0/include/xbasic_types.h:116:2: warning: #warning Please refer the Standalone BSP UG647 for further details [-Wcpp]
 #warning  Please refer the Standalone BSP UG647 for further details
  ^~~~~~~
In file included from ../src/fmc_imageon_vita_passthrough.h:62:0,
                 from ../src/fmc_imageon_vita_passthrough.c:56:
../../vita_passthrough_bsp_2/ps7_cortexa9_0/include/fmc_imageon.h:3:1: warning: multi-line comment [-Wcomment]
 //     /     \
 ^
In file included from ../../vita_passthrough_bsp_2/ps7_cortexa9_0/include/fmc_imageon.h:78:0,
                 from ../src/fmc_imageon_vita_passthrough.h:62,
                 from ../src/fmc_imageon_vita_passthrough.c:56:
../../vita_passthrough_bsp_2/ps7_cortexa9_0/include/fmc_iic.h:3:1: warning: multi-line comment [-Wcomment]
 //     /     \
 ^
In file included from ../src/fmc_imageon_vita_passthrough.h:63:0,
                 from ../src/fmc_imageon_vita_passthrough.c:56:
../src/video_resolution.h:3:1: warning: multi-line comment [-Wcomment]
 //     /     \
 ^
In file included from ../src/fmc_imageon_vita_passthrough.h:65:0,
                 from ../src/fmc_imageon_vita_passthrough.c:56:
../../vita_passthrough_bsp_2/ps7_cortexa9_0/include/fmc_imageon_vita_receiver.h:3:1: warning: multi-line comment [-Wcomment]
 //     /     \
 ^
In file included from ../src/fmc_imageon_vita_passthrough.h:70:0,
                 from ../src/fmc_imageon_vita_passthrough.c:56:
../src/video_generator.h:3:1: warning: multi-line comment [-Wcomment]
 //     /     \
 ^
../src/fmc_imageon_vita_passthrough.c: In function 'fmc_imageon_vita_passthrough_init':
../src/fmc_imageon_vita_passthrough.c:77:7: warning: implicit declaration of function 'exit' [-Wimplicit-function-declaration]
       exit(0);
       ^~~~
../src/fmc_imageon_vita_passthrough.c:77:7: warning: incompatible implicit declaration of built-in function 'exit'
../src/fmc_imageon_vita_passthrough.c:77:7: note: include '<stdlib.h>' or provide a declaration of 'exit'
../src/fmc_imageon_vita_passthrough.c:140:7: warning: incompatible implicit declaration of built-in function 'exit'
       exit(0);
       ^~~~
../src/fmc_imageon_vita_passthrough.c:140:7: note: include '<stdlib.h>' or provide a declaration of 'exit'
In file included from ../../vita_passthrough_bsp_2/ps7_cortexa9_0/include/xcfa.h:183:0,
                 from ../src/fmc_imageon_vita_passthrough.h:79,
                 from ../src/fmc_imageon_vita_passthrough.c:56:
../../vita_passthrough_bsp_2/ps7_cortexa9_0/include/xcfa_hw.h:246:13: warning: passing argument 1 of 'Xil_Out32' makes integer from pointer without a cast [-Wint-conversion]
  XCfa_Out32((BaseAddress) + (u32)(RegOffset), (Data))
             ^
../src/fmc_imageon_vita_passthrough.c:228:4: note: in expansion of macro 'XCfa_WriteReg'
    XCfa_WriteReg( &a , CFA_BAYER_PHASE, 0 );
    ^~~~~~~~~~~~~
In file included from ../../vita_passthrough_bsp_2/ps7_cortexa9_0/include/fmc_imageon_vita_receiver.h:89:0,
                 from ../src/fmc_imageon_vita_passthrough.h:65,
                 from ../src/fmc_imageon_vita_passthrough.c:56:
../../vita_passthrough_bsp_2/ps7_cortexa9_0/include/xil_io.h:223:20: note: expected 'UINTPTR {aka unsigned int}' but argument is of type 'XCfa * {aka struct <anonymous> *}'
 static INLINE void Xil_Out32(UINTPTR Addr, u32 Value)
                    ^~~~~~~~~
../src/fmc_imageon_vita_passthrough.c:62:12: warning: unused variable 'timeout' [-Wunused-variable]
    Xuint32 timeout = 100;
            ^~~~~~~
'Finished building: ../src/fmc_imageon_vita_passthrough.c'
' '
'Building target: vita_passthrough_app_2.elf'
'Invoking: ARM v7 gcc linker'
arm-none-eabi-gcc -mcpu=cortex-a9 -mfpu=vfpv3 -mfloat-abi=hard -Wl,-build-id=none -specs=Xilinx.spec -Wl,-T -Wl,../src/lscript.ld -L../../vita_passthrough_bsp_2/ps7_cortexa9_0/lib -o "vita_passthrough_app_2.elf"  ./src/fmc_imageon_vita_passthrough.o ./src/helloworld.o ./src/platform.o ./src/sleep.o ./src/video_generator.o ./src/video_resolution.o   -Wl,--start-group,-lxil,-lgcc,-lc,--end-group
'Finished building target: vita_passthrough_app_2.elf'
' '
'Invoking: ARM v7 Print Size'
arm-none-eabi-size vita_passthrough_app_2.elf  |tee "vita_passthrough_app_2.elf.size"
   text	   data	    bss	    dec	    hex	filename
  64392	   4036	   8776	  77204	  12d94	vita_passthrough_app_2.elf
'Finished building: vita_passthrough_app_2.elf.size'
' '
10:02:45 **** Incremental Build of configuration Debug for project vita_passthrough_app_2 ****
make pre-build main-build 
a9-linaro-pre-build-step
' '
make: Inget behöver göras för "main-build".
10:06:01 **** Auto Build of configuration Debug for project vita_passthrough_app_2 ****
make pre-build main-build 
a9-linaro-pre-build-step
' '
'Building file: ../src/video_generator.c'
'Invoking: ARM v7 gcc compiler'
arm-none-eabi-gcc -Wall -O0 -g3 -c -fmessage-length=0 -MT"src/video_generator.o" -mcpu=cortex-a9 -mfpu=vfpv3 -mfloat-abi=hard -I../../vita_passthrough_bsp_2/ps7_cortexa9_0/include -MMD -MP -MF"src/video_generator.d" -MT"src/video_generator.o" -o "src/video_generator.o" "../src/video_generator.c"
../src/video_generator.c:3:1: warning: multi-line comment [-Wcomment]
 //     /     \
 ^
In file included from ../src/video_generator.c:46:0:
../src/video_generator.h:3:1: warning: multi-line comment [-Wcomment]
 //     /     \
 ^
In file included from ../src/video_generator.c:47:0:
../src/video_resolution.h:3:1: warning: multi-line comment [-Wcomment]
 //     /     \
 ^
In file included from ../src/video_resolution.h:51:0,
                 from ../src/video_generator.c:47:
../../vita_passthrough_bsp_2/ps7_cortexa9_0/include/xbasic_types.h:115:2: warning: #warning The xbasics_type.h file is deprecated and users should use xil_types.h and xil_assert. [-Wcpp]
 #warning  The xbasics_type.h file is deprecated and users should use xil_types.h and xil_assert.
  ^~~~~~~
../../vita_passthrough_bsp_2/ps7_cortexa9_0/include/xbasic_types.h:116:2: warning: #warning Please refer the Standalone BSP UG647 for further details [-Wcpp]
 #warning  Please refer the Standalone BSP UG647 for further details
  ^~~~~~~
'Finished building: ../src/video_generator.c'
' '
'Building target: vita_passthrough_app_2.elf'
'Invoking: ARM v7 gcc linker'
arm-none-eabi-gcc -mcpu=cortex-a9 -mfpu=vfpv3 -mfloat-abi=hard -Wl,-build-id=none -specs=Xilinx.spec -Wl,-T -Wl,../src/lscript.ld -L../../vita_passthrough_bsp_2/ps7_cortexa9_0/lib -o "vita_passthrough_app_2.elf"  ./src/fmc_imageon_vita_passthrough.o ./src/helloworld.o ./src/platform.o ./src/sleep.o ./src/video_generator.o ./src/video_resolution.o   -Wl,--start-group,-lxil,-lgcc,-lc,--end-group
'Finished building target: vita_passthrough_app_2.elf'
' '
'Invoking: ARM v7 Print Size'
arm-none-eabi-size vita_passthrough_app_2.elf  |tee "vita_passthrough_app_2.elf.size"
   text	   data	    bss	    dec	    hex	filename
  64392	   4036	   8776	  77204	  12d94	vita_passthrough_app_2.elf
'Finished building: vita_passthrough_app_2.elf.size'
' '
10:06:08 **** Incremental Build of configuration Debug for project vita_passthrough_app_2 ****
make pre-build main-build 
a9-linaro-pre-build-step
' '
make: Inget behöver göras för "main-build".
10:13:14 **** Auto Build of configuration Debug for project vita_passthrough_app_2 ****
make pre-build main-build 
a9-linaro-pre-build-step
' '
'Building file: ../src/video_generator.c'
'Invoking: ARM v7 gcc compiler'
arm-none-eabi-gcc -Wall -O0 -g3 -c -fmessage-length=0 -MT"src/video_generator.o" -mcpu=cortex-a9 -mfpu=vfpv3 -mfloat-abi=hard -I../../vita_passthrough_bsp_2/ps7_cortexa9_0/include -MMD -MP -MF"src/video_generator.d" -MT"src/video_generator.o" -o "src/video_generator.o" "../src/video_generator.c"
../src/video_generator.c:3:1: warning: multi-line comment [-Wcomment]
 //     /     \
 ^
In file included from ../src/video_generator.c:46:0:
../src/video_generator.h:3:1: warning: multi-line comment [-Wcomment]
 //     /     \
 ^
In file included from ../src/video_generator.c:47:0:
../src/video_resolution.h:3:1: warning: multi-line comment [-Wcomment]
 //     /     \
 ^
In file included from ../src/video_resolution.h:51:0,
                 from ../src/video_generator.c:47:
../../vita_passthrough_bsp_2/ps7_cortexa9_0/include/xbasic_types.h:115:2: warning: #warning The xbasics_type.h file is deprecated and users should use xil_types.h and xil_assert. [-Wcpp]
 #warning  The xbasics_type.h file is deprecated and users should use xil_types.h and xil_assert.
  ^~~~~~~
../../vita_passthrough_bsp_2/ps7_cortexa9_0/include/xbasic_types.h:116:2: warning: #warning Please refer the Standalone BSP UG647 for further details [-Wcpp]
 #warning  Please refer the Standalone BSP UG647 for further details
  ^~~~~~~
'Finished building: ../src/video_generator.c'
' '
'Building target: vita_passthrough_app_2.elf'
'Invoking: ARM v7 gcc linker'
arm-none-eabi-gcc -mcpu=cortex-a9 -mfpu=vfpv3 -mfloat-abi=hard -Wl,-build-id=none -specs=Xilinx.spec -Wl,-T -Wl,../src/lscript.ld -L../../vita_passthrough_bsp_2/ps7_cortexa9_0/lib -o "vita_passthrough_app_2.elf"  ./src/fmc_imageon_vita_passthrough.o ./src/helloworld.o ./src/platform.o ./src/sleep.o ./src/video_generator.o ./src/video_resolution.o   -Wl,--start-group,-lxil,-lgcc,-lc,--end-group
'Finished building target: vita_passthrough_app_2.elf'
' '
'Invoking: ARM v7 Print Size'
arm-none-eabi-size vita_passthrough_app_2.elf  |tee "vita_passthrough_app_2.elf.size"
   text	   data	    bss	    dec	    hex	filename
  64392	   4036	   8776	  77204	  12d94	vita_passthrough_app_2.elf
'Finished building: vita_passthrough_app_2.elf.size'
' '
10:13:40 **** Auto Build of project vita_passthrough_bsp_2 ****
make -k all 
"Running Make include in ps7_cortexa9_0/libsrc/cfa_v7_1/src"
make -C ps7_cortexa9_0/libsrc/cfa_v7_1/src -s include  "SHELL=CMD" "COMPILER=arm-none-eabi-gcc" "ARCHIVER=arm-none-eabi-ar" "COMPILER_FLAGS=  -O2 -c" "EXTRA_COMPILER_FLAGS=-mcpu=cortex-a9 -mfpu=vfpv3 -mfloat-abi=hard -nostartfiles -Wall -Wextra"
"Running Make include in ps7_cortexa9_0/libsrc/common_v1_00_a/src"
make -C ps7_cortexa9_0/libsrc/common_v1_00_a/src -s include  "SHELL=CMD" "COMPILER=arm-none-eabi-gcc" "ARCHIVER=arm-none-eabi-ar" "COMPILER_FLAGS=  -O2 -c" "EXTRA_COMPILER_FLAGS=-mcpu=cortex-a9 -mfpu=vfpv3 -mfloat-abi=hard -nostartfiles -Wall -Wextra"
"Running Make include in ps7_cortexa9_0/libsrc/coresightps_dcc_v1_4/src"
make -C ps7_cortexa9_0/libsrc/coresightps_dcc_v1_4/src -s include  "SHELL=CMD" "COMPILER=arm-none-eabi-gcc" "ARCHIVER=arm-none-eabi-ar" "COMPILER_FLAGS=  -O2 -c" "EXTRA_COMPILER_FLAGS=-mcpu=cortex-a9 -mfpu=vfpv3 -mfloat-abi=hard -nostartfiles -Wall -Wextra"
"Running Make include in ps7_cortexa9_0/libsrc/cpu_cortexa9_v2_5/src"
make -C ps7_cortexa9_0/libsrc/cpu_cortexa9_v2_5/src -s include  "SHELL=CMD" "COMPILER=arm-none-eabi-gcc" "ARCHIVER=arm-none-eabi-ar" "COMPILER_FLAGS=  -O2 -c" "EXTRA_COMPILER_FLAGS=-mcpu=cortex-a9 -mfpu=vfpv3 -mfloat-abi=hard -nostartfiles -Wall -Wextra"
"Running Make include in ps7_cortexa9_0/libsrc/ddrps_v1_0/src"
make -C ps7_cortexa9_0/libsrc/ddrps_v1_0/src -s include  "SHELL=CMD" "COMPILER=arm-none-eabi-gcc" "ARCHIVER=arm-none-eabi-ar" "COMPILER_FLAGS=  -O2 -c" "EXTRA_COMPILER_FLAGS=-mcpu=cortex-a9 -mfpu=vfpv3 -mfloat-abi=hard -nostartfiles -Wall -Wextra"
"Running Make include in ps7_cortexa9_0/libsrc/devcfg_v3_5/src"
make -C ps7_cortexa9_0/libsrc/devcfg_v3_5/src -s include  "SHELL=CMD" "COMPILER=arm-none-eabi-gcc" "ARCHIVER=arm-none-eabi-ar" "COMPILER_FLAGS=  -O2 -c" "EXTRA_COMPILER_FLAGS=-mcpu=cortex-a9 -mfpu=vfpv3 -mfloat-abi=hard -nostartfiles -Wall -Wextra"
"Running Make include in ps7_cortexa9_0/libsrc/dmaps_v2_3/src"
make -C ps7_cortexa9_0/libsrc/dmaps_v2_3/src -s include  "SHELL=CMD" "COMPILER=arm-none-eabi-gcc" "ARCHIVER=arm-none-eabi-ar" "COMPILER_FLAGS=  -O2 -c" "EXTRA_COMPILER_FLAGS=-mcpu=cortex-a9 -mfpu=vfpv3 -mfloat-abi=hard -nostartfiles -Wall -Wextra"
"Running Make include in ps7_cortexa9_0/libsrc/emacps_v3_6/src"
make -C ps7_cortexa9_0/libsrc/emacps_v3_6/src -s include  "SHELL=CMD" "COMPILER=arm-none-eabi-gcc" "ARCHIVER=arm-none-eabi-ar" "COMPILER_FLAGS=  -O2 -c" "EXTRA_COMPILER_FLAGS=-mcpu=cortex-a9 -mfpu=vfpv3 -mfloat-abi=hard -nostartfiles -Wall -Wextra"
"Running Make include in ps7_cortexa9_0/libsrc/fmc_iic_sw_v2_03_a/src"
make -C ps7_cortexa9_0/libsrc/fmc_iic_sw_v2_03_a/src -s include  "SHELL=CMD" "COMPILER=arm-none-eabi-gcc" "ARCHIVER=arm-none-eabi-ar" "COMPILER_FLAGS=  -O2 -c" "EXTRA_COMPILER_FLAGS=-mcpu=cortex-a9 -mfpu=vfpv3 -mfloat-abi=hard -nostartfiles -Wall -Wextra"
"Running Make include in ps7_cortexa9_0/libsrc/fmc_imageon_sw_v2_01_a/src"
make -C ps7_cortexa9_0/libsrc/fmc_imageon_sw_v2_01_a/src -s include  "SHELL=CMD" "COMPILER=arm-none-eabi-gcc" "ARCHIVER=arm-none-eabi-ar" "COMPILER_FLAGS=  -O2 -c" "EXTRA_COMPILER_FLAGS=-mcpu=cortex-a9 -mfpu=vfpv3 -mfloat-abi=hard -nostartfiles -Wall -Wextra"
"Running Make include in ps7_cortexa9_0/libsrc/fmc_imageon_vita_receiver_v2_01_a/src"
make -C ps7_cortexa9_0/libsrc/fmc_imageon_vita_receiver_v2_01_a/src -s include  "SHELL=CMD" "COMPILER=arm-none-eabi-gcc" "ARCHIVER=arm-none-eabi-ar" "COMPILER_FLAGS=  -O2 -c" "EXTRA_COMPILER_FLAGS=-mcpu=cortex-a9 -mfpu=vfpv3 -mfloat-abi=hard -nostartfiles -Wall -Wextra"
"Running Make include in ps7_cortexa9_0/libsrc/gpiops_v3_3/src"
make -C ps7_cortexa9_0/libsrc/gpiops_v3_3/src -s include  "SHELL=CMD" "COMPILER=arm-none-eabi-gcc" "ARCHIVER=arm-none-eabi-ar" "COMPILER_FLAGS=  -O2 -c" "EXTRA_COMPILER_FLAGS=-mcpu=cortex-a9 -mfpu=vfpv3 -mfloat-abi=hard -nostartfiles -Wall -Wextra"
"Running Make include in ps7_cortexa9_0/libsrc/iic_v3_4/src"
make -C ps7_cortexa9_0/libsrc/iic_v3_4/src -s include  "SHELL=CMD" "COMPILER=arm-none-eabi-gcc" "ARCHIVER=arm-none-eabi-ar" "COMPILER_FLAGS=  -O2 -c" "EXTRA_COMPILER_FLAGS=-mcpu=cortex-a9 -mfpu=vfpv3 -mfloat-abi=hard -nostartfiles -Wall -Wextra"
"Running Make include in ps7_cortexa9_0/libsrc/qspips_v3_4/src"
make -C ps7_cortexa9_0/libsrc/qspips_v3_4/src -s include  "SHELL=CMD" "COMPILER=arm-none-eabi-gcc" "ARCHIVER=arm-none-eabi-ar" "COMPILER_FLAGS=  -O2 -c" "EXTRA_COMPILER_FLAGS=-mcpu=cortex-a9 -mfpu=vfpv3 -mfloat-abi=hard -nostartfiles -Wall -Wextra"
"Running Make include in ps7_cortexa9_0/libsrc/scugic_v3_8/src"
make -C ps7_cortexa9_0/libsrc/scugic_v3_8/src -s include  "SHELL=CMD" "COMPILER=arm-none-eabi-gcc" "ARCHIVER=arm-none-eabi-ar" "COMPILER_FLAGS=  -O2 -c" "EXTRA_COMPILER_FLAGS=-mcpu=cortex-a9 -mfpu=vfpv3 -mfloat-abi=hard -nostartfiles -Wall -Wextra"
"Running Make include in ps7_cortexa9_0/libsrc/scutimer_v2_1/src"
make -C ps7_cortexa9_0/libsrc/scutimer_v2_1/src -s include  "SHELL=CMD" "COMPILER=arm-none-eabi-gcc" "ARCHIVER=arm-none-eabi-ar" "COMPILER_FLAGS=  -O2 -c" "EXTRA_COMPILER_FLAGS=-mcpu=cortex-a9 -mfpu=vfpv3 -mfloat-abi=hard -nostartfiles -Wall -Wextra"
"Running Make include in ps7_cortexa9_0/libsrc/scuwdt_v2_1/src"
make -C ps7_cortexa9_0/libsrc/scuwdt_v2_1/src -s include  "SHELL=CMD" "COMPILER=arm-none-eabi-gcc" "ARCHIVER=arm-none-eabi-ar" "COMPILER_FLAGS=  -O2 -c" "EXTRA_COMPILER_FLAGS=-mcpu=cortex-a9 -mfpu=vfpv3 -mfloat-abi=hard -nostartfiles -Wall -Wextra"
"Running Make include in ps7_cortexa9_0/libsrc/sdps_v3_3/src"
make -C ps7_cortexa9_0/libsrc/sdps_v3_3/src -s include  "SHELL=CMD" "COMPILER=arm-none-eabi-gcc" "ARCHIVER=arm-none-eabi-ar" "COMPILER_FLAGS=  -O2 -c" "EXTRA_COMPILER_FLAGS=-mcpu=cortex-a9 -mfpu=vfpv3 -mfloat-abi=hard -nostartfiles -Wall -Wextra"
"Running Make include in ps7_cortexa9_0/libsrc/standalone_v6_5/src"
make -C ps7_cortexa9_0/libsrc/standalone_v6_5/src -s include  "SHELL=CMD" "COMPILER=arm-none-eabi-gcc" "ARCHIVER=arm-none-eabi-ar" "COMPILER_FLAGS=  -O2 -c" "EXTRA_COMPILER_FLAGS=-mcpu=cortex-a9 -mfpu=vfpv3 -mfloat-abi=hard -nostartfiles -Wall -Wextra"
"Running Make include in ps7_cortexa9_0/libsrc/ttcps_v3_5/src"
make -C ps7_cortexa9_0/libsrc/ttcps_v3_5/src -s include  "SHELL=CMD" "COMPILER=arm-none-eabi-gcc" "ARCHIVER=arm-none-eabi-ar" "COMPILER_FLAGS=  -O2 -c" "EXTRA_COMPILER_FLAGS=-mcpu=cortex-a9 -mfpu=vfpv3 -mfloat-abi=hard -nostartfiles -Wall -Wextra"
"Running Make include in ps7_cortexa9_0/libsrc/uartps_v3_5/src"
make -C ps7_cortexa9_0/libsrc/uartps_v3_5/src -s include  "SHELL=CMD" "COMPILER=arm-none-eabi-gcc" "ARCHIVER=arm-none-eabi-ar" "COMPILER_FLAGS=  -O2 -c" "EXTRA_COMPILER_FLAGS=-mcpu=cortex-a9 -mfpu=vfpv3 -mfloat-abi=hard -nostartfiles -Wall -Wextra"
"Running Make include in ps7_cortexa9_0/libsrc/usbps_v2_4/src"
make -C ps7_cortexa9_0/libsrc/usbps_v2_4/src -s include  "SHELL=CMD" "COMPILER=arm-none-eabi-gcc" "ARCHIVER=arm-none-eabi-ar" "COMPILER_FLAGS=  -O2 -c" "EXTRA_COMPILER_FLAGS=-mcpu=cortex-a9 -mfpu=vfpv3 -mfloat-abi=hard -nostartfiles -Wall -Wextra"
"Running Make include in ps7_cortexa9_0/libsrc/vtc_v7_2/src"
make -C ps7_cortexa9_0/libsrc/vtc_v7_2/src -s include  "SHELL=CMD" "COMPILER=arm-none-eabi-gcc" "ARCHIVER=arm-none-eabi-ar" "COMPILER_FLAGS=  -O2 -c" "EXTRA_COMPILER_FLAGS=-mcpu=cortex-a9 -mfpu=vfpv3 -mfloat-abi=hard -nostartfiles -Wall -Wextra"
"Running Make include in ps7_cortexa9_0/libsrc/xadcps_v2_2/src"
make -C ps7_cortexa9_0/libsrc/xadcps_v2_2/src -s include  "SHELL=CMD" "COMPILER=arm-none-eabi-gcc" "ARCHIVER=arm-none-eabi-ar" "COMPILER_FLAGS=  -O2 -c" "EXTRA_COMPILER_FLAGS=-mcpu=cortex-a9 -mfpu=vfpv3 -mfloat-abi=hard -nostartfiles -Wall -Wextra"
"Running Make libs in ps7_cortexa9_0/libsrc/cfa_v7_1/src"
make -C ps7_cortexa9_0/libsrc/cfa_v7_1/src -s libs  "SHELL=CMD" "COMPILER=arm-none-eabi-gcc" "ARCHIVER=arm-none-eabi-ar" "COMPILER_FLAGS=  -O2 -c" "EXTRA_COMPILER_FLAGS=-mcpu=cortex-a9 -mfpu=vfpv3 -mfloat-abi=hard -nostartfiles -Wall -Wextra"
"Compiling cfa"
"Running Make libs in ps7_cortexa9_0/libsrc/common_v1_00_a/src"
make -C ps7_cortexa9_0/libsrc/common_v1_00_a/src -s libs  "SHELL=CMD" "COMPILER=arm-none-eabi-gcc" "ARCHIVER=arm-none-eabi-ar" "COMPILER_FLAGS=  -O2 -c" "EXTRA_COMPILER_FLAGS=-mcpu=cortex-a9 -mfpu=vfpv3 -mfloat-abi=hard -nostartfiles -Wall -Wextra"
"Compiling common"
"Running Make libs in ps7_cortexa9_0/libsrc/coresightps_dcc_v1_4/src"
make -C ps7_cortexa9_0/libsrc/coresightps_dcc_v1_4/src -s libs  "SHELL=CMD" "COMPILER=arm-none-eabi-gcc" "ARCHIVER=arm-none-eabi-ar" "COMPILER_FLAGS=  -O2 -c" "EXTRA_COMPILER_FLAGS=-mcpu=cortex-a9 -mfpu=vfpv3 -mfloat-abi=hard -nostartfiles -Wall -Wextra"
"Compiling coresightps_dcc"
"Running Make libs in ps7_cortexa9_0/libsrc/cpu_cortexa9_v2_5/src"
make -C ps7_cortexa9_0/libsrc/cpu_cortexa9_v2_5/src -s libs  "SHELL=CMD" "COMPILER=arm-none-eabi-gcc" "ARCHIVER=arm-none-eabi-ar" "COMPILER_FLAGS=  -O2 -c" "EXTRA_COMPILER_FLAGS=-mcpu=cortex-a9 -mfpu=vfpv3 -mfloat-abi=hard -nostartfiles -Wall -Wextra"
"Compiling cpu_cortexa9"
[...]
"Compiling standalone"
"Running Make libs in ps7_cortexa9_0/libsrc/ttcps_v3_5/src"
make -C ps7_cortexa9_0/libsrc/ttcps_v3_5/src -s libs  "SHELL=CMD" "COMPILER=arm-none-eabi-gcc" "ARCHIVER=arm-none-eabi-ar" "COMPILER_FLAGS=  -O2 -c" "EXTRA_COMPILER_FLAGS=-mcpu=cortex-a9 -mfpu=vfpv3 -mfloat-abi=hard -nostartfiles -Wall -Wextra"
"Compiling ttcps"
"Running Make libs in ps7_cortexa9_0/libsrc/uartps_v3_5/src"
make -C ps7_cortexa9_0/libsrc/uartps_v3_5/src -s libs  "SHELL=CMD" "COMPILER=arm-none-eabi-gcc" "ARCHIVER=arm-none-eabi-ar" "COMPILER_FLAGS=  -O2 -c" "EXTRA_COMPILER_FLAGS=-mcpu=cortex-a9 -mfpu=vfpv3 -mfloat-abi=hard -nostartfiles -Wall -Wextra"
"Compiling uartps"
"Running Make libs in ps7_cortexa9_0/libsrc/usbps_v2_4/src"
make -C ps7_cortexa9_0/libsrc/usbps_v2_4/src -s libs  "SHELL=CMD" "COMPILER=arm-none-eabi-gcc" "ARCHIVER=arm-none-eabi-ar" "COMPILER_FLAGS=  -O2 -c" "EXTRA_COMPILER_FLAGS=-mcpu=cortex-a9 -mfpu=vfpv3 -mfloat-abi=hard -nostartfiles -Wall -Wextra"
"Compiling usbps"
"Running Make libs in ps7_cortexa9_0/libsrc/vtc_v7_2/src"
make -C ps7_cortexa9_0/libsrc/vtc_v7_2/src -s libs  "SHELL=CMD" "COMPILER=arm-none-eabi-gcc" "ARCHIVER=arm-none-eabi-ar" "COMPILER_FLAGS=  -O2 -c" "EXTRA_COMPILER_FLAGS=-mcpu=cortex-a9 -mfpu=vfpv3 -mfloat-abi=hard -nostartfiles -Wall -Wextra"
"Compiling video timing controller"
"Running Make libs in ps7_cortexa9_0/libsrc/xadcps_v2_2/src"
make -C ps7_cortexa9_0/libsrc/xadcps_v2_2/src -s libs  "SHELL=CMD" "COMPILER=arm-none-eabi-gcc" "ARCHIVER=arm-none-eabi-ar" "COMPILER_FLAGS=  -O2 -c" "EXTRA_COMPILER_FLAGS=-mcpu=cortex-a9 -mfpu=vfpv3 -mfloat-abi=hard -nostartfiles -Wall -Wextra"
"Compiling xadcps"
'Finished building libraries'
16:13:57 **** Auto Build of configuration Debug for project vita_passthrough_app_2 ****
make pre-build main-build 
a9-linaro-pre-build-step
' '
'Building file: ../src/fmc_imageon_vita_passthrough.c'
'Invoking: ARM v7 gcc compiler'
arm-none-eabi-gcc -Wall -O0 -g3 -c -fmessage-length=0 -MT"src/fmc_imageon_vita_passthrough.o" -mcpu=cortex-a9 -mfpu=vfpv3 -mfloat-abi=hard -I../../vita_passthrough_bsp_2/ps7_cortexa9_0/include -MMD -MP -MF"src/fmc_imageon_vita_passthrough.d" -MT"src/fmc_imageon_vita_passthrough.o" -o "src/fmc_imageon_vita_passthrough.o" "../src/fmc_imageon_vita_passthrough.c"
../src/fmc_imageon_vita_passthrough.c:3:1: warning: multi-line comment [-Wcomment]
 //     /     \
 ^
In file included from ../src/fmc_imageon_vita_passthrough.c:56:0:
../src/fmc_imageon_vita_passthrough.h:3:1: warning: multi-line comment [-Wcomment]
 //     /     \
 ^
In file included from ../src/fmc_imageon_vita_passthrough.h:61:0,
                 from ../src/fmc_imageon_vita_passthrough.c:56:
../../vita_passthrough_bsp_2/ps7_cortexa9_0/include/fmc_iic.h:3:1: warning: multi-line comment [-Wcomment]
 //     /     \
 ^
In file included from ../../vita_passthrough_bsp_2/ps7_cortexa9_0/include/fmc_iic.h:57:0,
                 from ../src/fmc_imageon_vita_passthrough.h:61,
                 from ../src/fmc_imageon_vita_passthrough.c:56:
../../vita_passthrough_bsp_2/ps7_cortexa9_0/include/xbasic_types.h:115:2: warning: #warning The xbasics_type.h file is deprecated and users should use xil_types.h and xil_assert. [-Wcpp]
 #warning  The xbasics_type.h file is deprecated and users should use xil_types.h and xil_assert.
  ^~~~~~~
../../vita_passthrough_bsp_2/ps7_cortexa9_0/include/xbasic_types.h:116:2: warning: #warning Please refer the Standalone BSP UG647 for further details [-Wcpp]
 #warning  Please refer the Standalone BSP UG647 for further details
  ^~~~~~~
In file included from ../src/fmc_imageon_vita_passthrough.h:62:0,
                 from ../src/fmc_imageon_vita_passthrough.c:56:
../../vita_passthrough_bsp_2/ps7_cortexa9_0/include/fmc_imageon.h:3:1: warning: multi-line comment [-Wcomment]
 //     /     \
 ^
In file included from ../../vita_passthrough_bsp_2/ps7_cortexa9_0/include/fmc_imageon.h:78:0,
                 from ../src/fmc_imageon_vita_passthrough.h:62,
                 from ../src/fmc_imageon_vita_passthrough.c:56:
../../vita_passthrough_bsp_2/ps7_cortexa9_0/include/fmc_iic.h:3:1: warning: multi-line comment [-Wcomment]
 //     /     \
 ^
In file included from ../src/fmc_imageon_vita_passthrough.h:63:0,
                 from ../src/fmc_imageon_vita_passthrough.c:56:
../src/video_resolution.h:3:1: warning: multi-line comment [-Wcomment]
 //     /     \
 ^
In file included from ../src/fmc_imageon_vita_passthrough.h:65:0,
                 from ../src/fmc_imageon_vita_passthrough.c:56:
../../vita_passthrough_bsp_2/ps7_cortexa9_0/include/fmc_imageon_vita_receiver.h:3:1: warning: multi-line comment [-Wcomment]
 //     /     \
 ^
In file included from ../src/fmc_imageon_vita_passthrough.h:70:0,
                 from ../src/fmc_imageon_vita_passthrough.c:56:
../src/video_generator.h:3:1: warning: multi-line comment [-Wcomment]
 //     /     \
 ^
../src/fmc_imageon_vita_passthrough.c: In function 'fmc_imageon_vita_passthrough_init':
../src/fmc_imageon_vita_passthrough.c:77:7: warning: implicit declaration of function 'exit' [-Wimplicit-function-declaration]
       exit(0);
       ^~~~
../src/fmc_imageon_vita_passthrough.c:77:7: warning: incompatible implicit declaration of built-in function 'exit'
../src/fmc_imageon_vita_passthrough.c:77:7: note: include '<stdlib.h>' or provide a declaration of 'exit'
../src/fmc_imageon_vita_passthrough.c:140:7: warning: incompatible implicit declaration of built-in function 'exit'
       exit(0);
       ^~~~
../src/fmc_imageon_vita_passthrough.c:140:7: note: include '<stdlib.h>' or provide a declaration of 'exit'
../src/fmc_imageon_vita_passthrough.c:233:4: error: unknown type name 'XCfa'
    XCfa cfa = {};
    ^~~~
../src/fmc_imageon_vita_passthrough.c:233:15: error: empty scalar initializer
    XCfa cfa = {};
               ^
../src/fmc_imageon_vita_passthrough.c:233:15: note: (near initialization for 'cfa')
../src/fmc_imageon_vita_passthrough.c:234:4: error: unknown type name 'XCfa_Config'
    XCfa_Config *conf = XCfa_LookupConfig(XPAR_CFA_0_DEVICE_ID);
    ^~~~~~~~~~~
../src/fmc_imageon_vita_passthrough.c:234:24: warning: implicit declaration of function 'XCfa_LookupConfig' [-Wimplicit-function-declaration]
    XCfa_Config *conf = XCfa_LookupConfig(XPAR_CFA_0_DEVICE_ID);
                        ^~~~~~~~~~~~~~~~~
../src/fmc_imageon_vita_passthrough.c:234:24: warning: initialization makes pointer from integer without a cast [-Wint-conversion]
../src/fmc_imageon_vita_passthrough.c:235:4: warning: implicit declaration of function 'XCfa_CfgInitialize' [-Wimplicit-function-declaration]
    XCfa_CfgInitialize(&cfa, conf, XPAR_CFA_0_BASEADDR);
    ^~~~~~~~~~~~~~~~~~
../src/fmc_imageon_vita_passthrough.c:236:4: warning: implicit declaration of function 'XCfa_Reset' [-Wimplicit-function-declaration]
    XCfa_Reset(&cfa);
    ^~~~~~~~~~
../src/fmc_imageon_vita_passthrough.c:237:4: warning: implicit declaration of function 'XCfa_Enable' [-Wimplicit-function-declaration]
    XCfa_Enable( &cfa );
    ^~~~~~~~~~~
../src/fmc_imageon_vita_passthrough.c:238:4: warning: implicit declaration of function 'XCfa_RegUpdateDisable' [-Wimplicit-function-declaration]
    XCfa_RegUpdateDisable( &cfa );
    ^~~~~~~~~~~~~~~~~~~~~
../src/fmc_imageon_vita_passthrough.c:239:4: warning: implicit declaration of function 'XCfa_WriteReg' [-Wimplicit-function-declaration]
    XCfa_WriteReg( &cfa , CFA_BAYER_PHASE, 0 );
    ^~~~~~~~~~~~~
../src/fmc_imageon_vita_passthrough.c:240:4: warning: implicit declaration of function 'XCfa_RegUpdateEnable' [-Wimplicit-function-declaration]
    XCfa_RegUpdateEnable( &cfa );
    ^~~~~~~~~~~~~~~~~~~~
../src/fmc_imageon_vita_passthrough.c:62:12: warning: unused variable 'timeout' [-Wunused-variable]
    Xuint32 timeout = 100;
            ^~~~~~~
make: *** [src/fmc_imageon_vita_passthrough.o] Fel 1
16:15:25 **** Auto Build of configuration Debug for project vita_passthrough_app_2 ****
make pre-build main-build 
a9-linaro-pre-build-step
' '
'Building file: ../src/fmc_imageon_vita_passthrough.c'
'Invoking: ARM v7 gcc compiler'
arm-none-eabi-gcc -Wall -O0 -g3 -c -fmessage-length=0 -MT"src/fmc_imageon_vita_passthrough.o" -mcpu=cortex-a9 -mfpu=vfpv3 -mfloat-abi=hard -I../../vita_passthrough_bsp_2/ps7_cortexa9_0/include -MMD -MP -MF"src/fmc_imageon_vita_passthrough.d" -MT"src/fmc_imageon_vita_passthrough.o" -o "src/fmc_imageon_vita_passthrough.o" "../src/fmc_imageon_vita_passthrough.c"
../src/fmc_imageon_vita_passthrough.c:3:1: warning: multi-line comment [-Wcomment]
 //     /     \
 ^
In file included from ../src/fmc_imageon_vita_passthrough.c:56:0:
../src/fmc_imageon_vita_passthrough.h:3:1: warning: multi-line comment [-Wcomment]
 //     /     \
 ^
In file included from ../src/fmc_imageon_vita_passthrough.h:61:0,
                 from ../src/fmc_imageon_vita_passthrough.c:56:
../../vita_passthrough_bsp_2/ps7_cortexa9_0/include/fmc_iic.h:3:1: warning: multi-line comment [-Wcomment]
 //     /     \
 ^
In file included from ../../vita_passthrough_bsp_2/ps7_cortexa9_0/include/fmc_iic.h:57:0,
                 from ../src/fmc_imageon_vita_passthrough.h:61,
                 from ../src/fmc_imageon_vita_passthrough.c:56:
../../vita_passthrough_bsp_2/ps7_cortexa9_0/include/xbasic_types.h:115:2: warning: #warning The xbasics_type.h file is deprecated and users should use xil_types.h and xil_assert. [-Wcpp]
 #warning  The xbasics_type.h file is deprecated and users should use xil_types.h and xil_assert.
  ^~~~~~~
../../vita_passthrough_bsp_2/ps7_cortexa9_0/include/xbasic_types.h:116:2: warning: #warning Please refer the Standalone BSP UG647 for further details [-Wcpp]
 #warning  Please refer the Standalone BSP UG647 for further details
  ^~~~~~~
In file included from ../src/fmc_imageon_vita_passthrough.h:62:0,
                 from ../src/fmc_imageon_vita_passthrough.c:56:
../../vita_passthrough_bsp_2/ps7_cortexa9_0/include/fmc_imageon.h:3:1: warning: multi-line comment [-Wcomment]
 //     /     \
 ^
In file included from ../../vita_passthrough_bsp_2/ps7_cortexa9_0/include/fmc_imageon.h:78:0,
                 from ../src/fmc_imageon_vita_passthrough.h:62,
                 from ../src/fmc_imageon_vita_passthrough.c:56:
../../vita_passthrough_bsp_2/ps7_cortexa9_0/include/fmc_iic.h:3:1: warning: multi-line comment [-Wcomment]
 //     /     \
 ^
In file included from ../src/fmc_imageon_vita_passthrough.h:63:0,
                 from ../src/fmc_imageon_vita_passthrough.c:56:
../src/video_resolution.h:3:1: warning: multi-line comment [-Wcomment]
 //     /     \
 ^
In file included from ../src/fmc_imageon_vita_passthrough.h:65:0,
                 from ../src/fmc_imageon_vita_passthrough.c:56:
../../vita_passthrough_bsp_2/ps7_cortexa9_0/include/fmc_imageon_vita_receiver.h:3:1: warning: multi-line comment [-Wcomment]
 //     /     \
 ^
In file included from ../src/fmc_imageon_vita_passthrough.h:70:0,
                 from ../src/fmc_imageon_vita_passthrough.c:56:
../src/video_generator.h:3:1: warning: multi-line comment [-Wcomment]
 //     /     \
 ^
../src/fmc_imageon_vita_passthrough.c: In function 'fmc_imageon_vita_passthrough_init':
../src/fmc_imageon_vita_passthrough.c:77:7: warning: implicit declaration of function 'exit' [-Wimplicit-function-declaration]
       exit(0);
       ^~~~
../src/fmc_imageon_vita_passthrough.c:77:7: warning: incompatible implicit declaration of built-in function 'exit'
../src/fmc_imageon_vita_passthrough.c:77:7: note: include '<stdlib.h>' or provide a declaration of 'exit'
../src/fmc_imageon_vita_passthrough.c:140:7: warning: incompatible implicit declaration of built-in function 'exit'
       exit(0);
       ^~~~
../src/fmc_imageon_vita_passthrough.c:140:7: note: include '<stdlib.h>' or provide a declaration of 'exit'
../src/fmc_imageon_vita_passthrough.c:62:12: warning: unused variable 'timeout' [-Wunused-variable]
    Xuint32 timeout = 100;
            ^~~~~~~
'Finished building: ../src/fmc_imageon_vita_passthrough.c'
' '
'Building file: ../src/helloworld.c'
'Invoking: ARM v7 gcc compiler'
arm-none-eabi-gcc -Wall -O0 -g3 -c -fmessage-length=0 -MT"src/helloworld.o" -mcpu=cortex-a9 -mfpu=vfpv3 -mfloat-abi=hard -I../../vita_passthrough_bsp_2/ps7_cortexa9_0/include -MMD -MP -MF"src/helloworld.d" -MT"src/helloworld.o" -o "src/helloworld.o" "../src/helloworld.c"
In file included from ../src/helloworld.c:51:0:
../src/fmc_imageon_vita_passthrough.h:3:1: warning: multi-line comment [-Wcomment]
 //     /     \
 ^
In file included from ../src/fmc_imageon_vita_passthrough.h:61:0,
                 from ../src/helloworld.c:51:
../../vita_passthrough_bsp_2/ps7_cortexa9_0/include/fmc_iic.h:3:1: warning: multi-line comment [-Wcomment]
 //     /     \
 ^
In file included from ../../vita_passthrough_bsp_2/ps7_cortexa9_0/include/fmc_iic.h:57:0,
                 from ../src/fmc_imageon_vita_passthrough.h:61,
                 from ../src/helloworld.c:51:
../../vita_passthrough_bsp_2/ps7_cortexa9_0/include/xbasic_types.h:115:2: warning: #warning The xbasics_type.h file is deprecated and users should use xil_types.h and xil_assert. [-Wcpp]
 #warning  The xbasics_type.h file is deprecated and users should use xil_types.h and xil_assert.
  ^~~~~~~
../../vita_passthrough_bsp_2/ps7_cortexa9_0/include/xbasic_types.h:116:2: warning: #warning Please refer the Standalone BSP UG647 for further details [-Wcpp]
 #warning  Please refer the Standalone BSP UG647 for further details
  ^~~~~~~
In file included from ../src/fmc_imageon_vita_passthrough.h:62:0,
                 from ../src/helloworld.c:51:
../../vita_passthrough_bsp_2/ps7_cortexa9_0/include/fmc_imageon.h:3:1: warning: multi-line comment [-Wcomment]
 //     /     \
 ^
In file included from ../../vita_passthrough_bsp_2/ps7_cortexa9_0/include/fmc_imageon.h:78:0,
                 from ../src/fmc_imageon_vita_passthrough.h:62,
                 from ../src/helloworld.c:51:
../../vita_passthrough_bsp_2/ps7_cortexa9_0/include/fmc_iic.h:3:1: warning: multi-line comment [-Wcomment]
 //     /     \
 ^
In file included from ../src/fmc_imageon_vita_passthrough.h:63:0,
                 from ../src/helloworld.c:51:
../src/video_resolution.h:3:1: warning: multi-line comment [-Wcomment]
 //     /     \
 ^
In file included from ../src/fmc_imageon_vita_passthrough.h:65:0,
                 from ../src/helloworld.c:51:
../../vita_passthrough_bsp_2/ps7_cortexa9_0/include/fmc_imageon_vita_receiver.h:3:1: warning: multi-line comment [-Wcomment]
 //     /     \
 ^
In file included from ../src/fmc_imageon_vita_passthrough.h:70:0,
                 from ../src/helloworld.c:51:
../src/video_generator.h:3:1: warning: multi-line comment [-Wcomment]
 //     /     \
 ^
'Finished building: ../src/helloworld.c'
' '
'Building file: ../src/platform.c'
'Invoking: ARM v7 gcc compiler'
arm-none-eabi-gcc -Wall -O0 -g3 -c -fmessage-length=0 -MT"src/platform.o" -mcpu=cortex-a9 -mfpu=vfpv3 -mfloat-abi=hard -I../../vita_passthrough_bsp_2/ps7_cortexa9_0/include -MMD -MP -MF"src/platform.d" -MT"src/platform.o" -o "src/platform.o" "../src/platform.c"
'Finished building: ../src/platform.c'
' '
'Building file: ../src/sleep.c'
'Invoking: ARM v7 gcc compiler'
arm-none-eabi-gcc -Wall -O0 -g3 -c -fmessage-length=0 -MT"src/sleep.o" -mcpu=cortex-a9 -mfpu=vfpv3 -mfloat-abi=hard -I../../vita_passthrough_bsp_2/ps7_cortexa9_0/include -MMD -MP -MF"src/sleep.d" -MT"src/sleep.o" -o "src/sleep.o" "../src/sleep.c"
../src/sleep.c: In function 'usleep':
../src/sleep.c:39:10: warning: 'return' with a value, in function returning void
   return 0;
          ^
../src/sleep.c:19:6: note: declared here
 void usleep(unsigned int useconds)
      ^~~~~~
../src/sleep.c:44:10: warning: 'return' with a value, in function returning void
   return -1;
          ^
../src/sleep.c:19:6: note: declared here
 void usleep(unsigned int useconds)
      ^~~~~~
../src/sleep.c:97:5: warning: implicit declaration of function 'xil_printf' [-Wimplicit-function-declaration]
     xil_printf( "[usleep] ERROR : function terminated too early ...\r\n" );
     ^~~~~~~~~~
../src/sleep.c:98:15: warning: 'return' with a value, in function returning void
        return -1;
               ^
../src/sleep.c:19:6: note: declared here
 void usleep(unsigned int useconds)
      ^~~~~~
'Finished building: ../src/sleep.c'
' '
'Building file: ../src/video_generator.c'
'Invoking: ARM v7 gcc compiler'
arm-none-eabi-gcc -Wall -O0 -g3 -c -fmessage-length=0 -MT"src/video_generator.o" -mcpu=cortex-a9 -mfpu=vfpv3 -mfloat-abi=hard -I../../vita_passthrough_bsp_2/ps7_cortexa9_0/include -MMD -MP -MF"src/video_generator.d" -MT"src/video_generator.o" -o "src/video_generator.o" "../src/video_generator.c"
../src/video_generator.c:3:1: warning: multi-line comment [-Wcomment]
 //     /     \
 ^
In file included from ../src/video_generator.c:46:0:
../src/video_generator.h:3:1: warning: multi-line comment [-Wcomment]
 //     /     \
 ^
In file included from ../src/video_generator.c:47:0:
../src/video_resolution.h:3:1: warning: multi-line comment [-Wcomment]
 //     /     \
 ^
In file included from ../src/video_resolution.h:51:0,
                 from ../src/video_generator.c:47:
../../vita_passthrough_bsp_2/ps7_cortexa9_0/include/xbasic_types.h:115:2: warning: #warning The xbasics_type.h file is deprecated and users should use xil_types.h and xil_assert. [-Wcpp]
 #warning  The xbasics_type.h file is deprecated and users should use xil_types.h and xil_assert.
  ^~~~~~~
../../vita_passthrough_bsp_2/ps7_cortexa9_0/include/xbasic_types.h:116:2: warning: #warning Please refer the Standalone BSP UG647 for further details [-Wcpp]
 #warning  Please refer the Standalone BSP UG647 for further details
  ^~~~~~~
'Finished building: ../src/video_generator.c'
' '
'Building file: ../src/video_resolution.c'
'Invoking: ARM v7 gcc compiler'
arm-none-eabi-gcc -Wall -O0 -g3 -c -fmessage-length=0 -MT"src/video_resolution.o" -mcpu=cortex-a9 -mfpu=vfpv3 -mfloat-abi=hard -I../../vita_passthrough_bsp_2/ps7_cortexa9_0/include -MMD -MP -MF"src/video_resolution.d" -MT"src/video_resolution.o" -o "src/video_resolution.o" "../src/video_resolution.c"
../src/video_resolution.c:3:1: warning: multi-line comment [-Wcomment]
 //     /     \
 ^
In file included from ../src/video_resolution.c:49:0:
../src/video_resolution.h:3:1: warning: multi-line comment [-Wcomment]
 //     /     \
 ^
In file included from ../src/video_resolution.h:51:0,
                 from ../src/video_resolution.c:49:
../../vita_passthrough_bsp_2/ps7_cortexa9_0/include/xbasic_types.h:115:2: warning: #warning The xbasics_type.h file is deprecated and users should use xil_types.h and xil_assert. [-Wcpp]
 #warning  The xbasics_type.h file is deprecated and users should use xil_types.h and xil_assert.
  ^~~~~~~
../../vita_passthrough_bsp_2/ps7_cortexa9_0/include/xbasic_types.h:116:2: warning: #warning Please refer the Standalone BSP UG647 for further details [-Wcpp]
 #warning  Please refer the Standalone BSP UG647 for further details
  ^~~~~~~
'Finished building: ../src/video_resolution.c'
' '
'Building target: vita_passthrough_app_2.elf'
'Invoking: ARM v7 gcc linker'
arm-none-eabi-gcc -mcpu=cortex-a9 -mfpu=vfpv3 -mfloat-abi=hard -Wl,-build-id=none -specs=Xilinx.spec -Wl,-T -Wl,../src/lscript.ld -L../../vita_passthrough_bsp_2/ps7_cortexa9_0/lib -o "vita_passthrough_app_2.elf"  ./src/fmc_imageon_vita_passthrough.o ./src/helloworld.o ./src/platform.o ./src/sleep.o ./src/video_generator.o ./src/video_resolution.o   -Wl,--start-group,-lxil,-lgcc,-lc,--end-group
'Finished building target: vita_passthrough_app_2.elf'
' '
'Invoking: ARM v7 Print Size'
arm-none-eabi-size vita_passthrough_app_2.elf  |tee "vita_passthrough_app_2.elf.size"
   text	   data	    bss	    dec	    hex	filename
  64392	   4036	   8776	  77204	  12d94	vita_passthrough_app_2.elf
'Finished building: vita_passthrough_app_2.elf.size'
' '
16:16:25 **** Incremental Build of configuration Debug for project vita_passthrough_app_2 ****
make pre-build main-build 
a9-linaro-pre-build-step
' '
make: Inget behöver göras för "main-build".
